00:00 +0: loading /Users/olagg/Personal/talia/test/integration/story_flow_integration_test.dart
00:00 +0: /Users/olagg/Personal/talia/test/integration/story_flow_integration_test.dart: Story Flow Integration Tests - Current Behavior FLUJO: Usuario Child - Crear Historia con Aprobación Child crea historia → Parent aprueba → Aparece en feed
00:00 +1: /Users/olagg/Personal/talia/test/integration/story_flow_integration_test.dart: Story Flow Integration Tests - Current Behavior FLUJO: Usuario Child - Crear Historia con Aprobación Child crea historia → Parent rechaza → Historia oculta
00:00 +2: /Users/olagg/Personal/talia/test/integration/story_flow_integration_test.dart: Story Flow Integration Tests - Current Behavior FLUJO: Usuario Parent - Crear Historia Directa Parent crea historia → Aparece inmediatamente en feed
00:00 +3: /Users/olagg/Personal/talia/test/integration/story_flow_integration_test.dart: Story Flow Integration Tests - Current Behavior FLUJO: Visualización de Historias Usuario abre feed → Ve historias en orden correcto
00:00 +4: /Users/olagg/Personal/talia/test/integration/story_flow_integration_test.dart: Story Flow Integration Tests - Current Behavior FLUJO: Visualización de Historias Usuario toca historia → Story Viewer → Marca como vista
00:00 +5: /Users/olagg/Personal/talia/test/integration/story_flow_integration_test.dart: Story Flow Integration Tests - Current Behavior FLUJO: Respuestas a Historias Usuario responde a historia → Se crea chat con media
00:00 +6: /Users/olagg/Personal/talia/test/integration/story_flow_integration_test.dart: Story Flow Integration Tests - Current Behavior FLUJO: Cache y Performance App se abre múltiples veces → Cache acelera carga
00:00 +7: /Users/olagg/Personal/talia/test/integration/story_flow_integration_test.dart: Story Flow Integration Tests - Current Behavior FLUJO: Cache y Performance Usuario con muchos contactos → Chunking funciona
00:00 +8: /Users/olagg/Personal/talia/test/integration/story_flow_integration_test.dart: Story Flow Integration Tests - Current Behavior FLUJO: Casos Edge Error de red durante carga → Muestra cache anterior
00:00 +9: /Users/olagg/Personal/talia/test/integration/story_flow_integration_test.dart: Story Flow Integration Tests - Current Behavior FLUJO: Casos Edge Upload falla → Historia optimista se elimina
00:00 +10: /Users/olagg/Personal/talia/test/integration/story_flow_integration_test.dart: Story Flow Integration Tests - Current Behavior FLUJO: Casos Edge Historias expiran después de 24h → Se ocultan automáticamente
00:00 +11: /Users/olagg/Personal/talia/test/integration/story_flow_integration_test.dart: Story Flow Integration Tests - Current Behavior FLUJO: Múltiples Usuarios Simultáneos Múltiples usuarios crean historias → Todos ven actualizaciones
00:00 +12: /Users/olagg/Personal/talia/test/integration/story_flow_integration_test.dart: Performance Integration Tests BENCHMARK: Tiempo total de primera carga
00:00 +13: /Users/olagg/Personal/talia/test/integration/story_flow_integration_test.dart: Performance Integration Tests BENCHMARK: Memoria utilizada con cache completo
00:00 +14: /Users/olagg/Personal/talia/test/integration/story_flow_integration_test.dart: Performance Integration Tests BENCHMARK: Número de rebuilds en carga típica
00:00 +15: /Users/olagg/Personal/talia/test/integration/story_flow_integration_test.dart: User Experience Integration Tests UX: No hay loading flickering visible
00:00 +16: /Users/olagg/Personal/talia/test/integration/story_flow_integration_test.dart: User Experience Integration Tests UX: Scroll position se mantiene durante updates
00:00 +17: /Users/olagg/Personal/talia/test/integration/story_flow_integration_test.dart: User Experience Integration Tests UX: Optimistic updates se sienten instantáneos
00:00 +18: /Users/olagg/Personal/talia/test/integration/story_flow_integration_test.dart: (tearDownAll)
Warning: integration_test plugin was not detected.

If you're running the tests with `flutter drive`, please make sure your tests
are in the `integration_test/` directory of your package and use
`flutter test $path_to_test` to run it instead.

If you're running the tests with Android instrumentation or XCTest, this means
that you are not capturing test results properly! See the following link for
how to set up the integration_test plugin:

https://docs.flutter.dev/testing/integration-tests

00:00 +18: /Users/olagg/Personal/talia/test/integration/video_call_integration_test.dart: (setUpAll)
00:00 +19: /Users/olagg/Personal/talia/test/integration/video_call_integration_test.dart: (setUpAll)
00:01 +20: /Users/olagg/Personal/talia/test/integration/video_call_integration_test.dart: (setUpAll)
00:01 +21: /Users/olagg/Personal/talia/test/integration/video_call_integration_test.dart: (setUpAll)
00:01 +22: /Users/olagg/Personal/talia/test/integration/video_call_integration_test.dart: (setUpAll)
00:01 +23: /Users/olagg/Personal/talia/test/integration/video_call_integration_test.dart: (setUpAll)
00:01 +24: /Users/olagg/Personal/talia/test/integration/video_call_integration_test.dart: (setUpAll)
00:01 +25: /Users/olagg/Personal/talia/test/integration/video_call_integration_test.dart: (setUpAll)
00:01 +26: /Users/olagg/Personal/talia/test/integration/video_call_integration_test.dart: (setUpAll)
00:01 +27: /Users/olagg/Personal/talia/test/integration/video_call_integration_test.dart: (setUpAll)
00:01 +28: /Users/olagg/Personal/talia/test/integration/video_call_integration_test.dart: (setUpAll)
00:01 +29: /Users/olagg/Personal/talia/test/integration/video_call_integration_test.dart: (setUpAll)
00:01 +30: /Users/olagg/Personal/talia/test/integration/video_call_integration_test.dart: (setUpAll)
00:01 +31: /Users/olagg/Personal/talia/test/integration/video_call_integration_test.dart: (setUpAll)
00:01 +32: /Users/olagg/Personal/talia/test/integration/video_call_integration_test.dart: (setUpAll)
00:01 +33: /Users/olagg/Personal/talia/test/integration/video_call_integration_test.dart: (setUpAll)
00:01 +34: /Users/olagg/Personal/talia/test/integration/video_call_integration_test.dart: (setUpAll)
00:01 +34: /Users/olagg/Personal/talia/test/integration/video_call_integration_test.dart: Video Call Integration Tests should render video call screen correctly
[VideoCallController] ℹ️ Inicializando VideoCallController
🔍 [VideoCallScreen] isVideo=true, isJoined=true, remoteUids=0: {}, isTerminating: false
📱 [VideoCallScreen] No hay usuarios remotos - mostrando preview local
[VideoCallScreen] 📞 [VideoCallScreen] Caller usando credenciales existentes: channel=test-channel
[VideoCallController] ℹ️ Uniéndose a llamada existente: test-channel
[VideoCallScreen] ✅ [VideoCallScreen] Caller - joinExistingCall exitoso
[VideoCallScreen] 🔍 [VideoCallScreen] _initializeCall completed - success: true, callSetupSuccess: true, isCaller: true
[VideoCallScreen] 🔧 [VideoCallScreen] Llamando _setupCallStateListener()...
[VideoCallScreen] 🔧 [VideoCallScreen] Configurando callStateStream listener para callId: test-call-123
[VideoCallScreen] 🔍 [VideoCallScreen] DEBUG - Controller instance: 188739471
[VideoCallScreen] 🔍 [VideoCallScreen] DEBUG - Orchestrator instance: test-call-123
[VideoCallScreen] 🔍 [VideoCallScreen] DEBUG - Stream obtained: 1054298157
[VideoCallScreen] ✅ [VideoCallScreen] CallStateStream listener configurado exitosamente
🔍 [VideoCallScreen] isVideo=true, isJoined=true, remoteUids=0: {}, isTerminating: false
📱 [VideoCallScreen] No hay usuarios remotos - mostrando preview local
00:01 +35: /Users/olagg/Personal/talia/test/integration/video_call_integration_test.dart: Video Call Integration Tests should render video call screen correctly
[VideoCallScreen] 🧹 [VideoCallScreen] dispose() - cleaning up all resources
[VideoCallController] ℹ️ Disposing VideoCallController
[VideoCallScreen] 🧹 [VideoCallScreen] Dispose ultra conservador - evitando toda limpieza CallState
[VideoCallScreen] ⚠️ [VideoCallScreen] Manteniendo singletons activos - evitando interferencia con llamadas
00:01 +36: /Users/olagg/Personal/talia/test/integration/video_call_integration_test.dart: Video Call Integration Tests should handle mute button tap
[VideoCallController] ℹ️ Inicializando VideoCallController
🔍 [VideoCallScreen] isVideo=true, isJoined=true, remoteUids=0: {}, isTerminating: false
📱 [VideoCallScreen] No hay usuarios remotos - mostrando preview local
❌ [VideoCallScreen] ❌ [VideoCallScreen] Caller sin credenciales - esto no debería pasar
[VideoCallScreen] 🔍 [VideoCallScreen] _initializeCall completed - success: true, callSetupSuccess: false, isCaller: true
[VideoCallScreen] ❌ [VideoCallScreen] No configurando listener - configuración de llamada falló
🔍 [VideoCallScreen] isVideo=true, isJoined=true, remoteUids=0: {}, isTerminating: false
📱 [VideoCallScreen] No hay usuarios remotos - mostrando preview local

Warning: A call to tap() with finder "Found 1 widget with icon "IconData(U+0E3E1)": [
  Icon(IconData(U+0E3E1), size: 28.0, color: Color(alpha: 1.0000, red: 1.0000, green: 1.0000, blue: 1.0000, colorSpace: ColorSpace.sRGB), dependencies: [Directionality, IconTheme]),
]" derived an Offset (Offset(113.3, 520.0)) that would not hit test on the specified widget.
Maybe the widget is actually off-screen, or another widget is obscuring it, or the widget cannot receive pointer events.
The finder corresponds to this RenderBox: RenderSemanticsAnnotations#aab53 relayoutBoundary=up1
The hit test result at that offset is: HitTestResult(_RenderColoredBox#cd13b@Offset(113.3, 520.0), RenderStack#7207b@Offset(113.3, 520.0), RenderPadding#e0154@Offset(113.3, 520.0), RenderCustomMultiChildLayoutBox#dc2da@Offset(113.3, 520.0), _RenderInkFeatures#17dcf@Offset(113.3, 520.0), RenderPhysicalModel#19d80@Offset(113.3, 520.0), RenderSemanticsAnnotations#d1b04@Offset(113.3, 520.0), RenderRepaintBoundary#63c75@Offset(113.3, 520.0), RenderIgnorePointer#08cf6@Offset(113.3, 520.0), _RenderSnapshotWidget#f02b6@Offset(113.3, 520.0), _RenderSnapshotWidget#9723f@Offset(113.3, 520.0), _RenderSnapshotWidget#ddacc@Offset(113.3, 520.0), _RenderSnapshotWidget#f10ce@Offset(113.3, 520.0), RenderRepaintBoundary#49fa2@Offset(113.3, 520.0), RenderSemanticsAnnotations#d639d@Offset(113.3, 520.0), RenderOffstage#e0ef6@Offset(113.3, 520.0), RenderSemanticsAnnotations#86b33@Offset(113.3, 520.0), _RenderTheater#4fc3c@Offset(113.3, 520.0), RenderAbsorbPointer#b09f4@Offset(113.3, 520.0), RenderPointerListener#9780a@Offset(113.3, 520.0), RenderSemanticsAnnotations#fef49@Offset(113.3, 520.0), RenderCustomPaint#faece@Offset(113.3, 520.0), RenderSemanticsAnnotations#e4ad2@Offset(113.3, 520.0), RenderSemanticsAnnotations#f04ac@Offset(113.3, 520.0), RenderTapRegionSurface#d868d@Offset(113.3, 520.0), RenderSemanticsAnnotations#5f660@Offset(113.3, 520.0), RenderSemanticsAnnotations#d7eed@Offset(113.3, 520.0), RenderSemanticsAnnotations#bcc9f@Offset(113.3, 520.0), HitTestEntry<HitTestTarget>#66a83(_ReusableRenderView#89bba), HitTestEntry<HitTestTarget>#ab60c(<AutomatedTestWidgetsFlutterBinding>))
#0      WidgetController._getElementPoint (package:flutter_test/src/controller.dart:2077:25)
#1      WidgetController.getCenter (package:flutter_test/src/controller.dart:1861:12)
#2      WidgetController.tap (package:flutter_test/src/controller.dart:1041:7)
#3      main.<anonymous closure>.<anonymous closure> (file:///Users/olagg/Personal/talia/test/integration/video_call_integration_test.dart:127:20)
<asynchronous suspension>
#4      testWidgets.<anonymous closure>.<anonymous closure> (package:flutter_test/src/widget_tester.dart:192:15)
<asynchronous suspension>
#5      TestWidgetsFlutterBinding._runTestBody (package:flutter_test/src/binding.dart:1059:5)
<asynchronous suspension>
#6      StackZoneSpecification._registerCallback.<anonymous closure> (package:stack_trace/src/stack_zone_specification.dart:114:42)
<asynchronous suspension>
To silence this warning, pass "warnIfMissed: false" to "tap()".
To make this warning fatal, set WidgetController.hitTestWarningShouldBeFatal to true.

[VideoCallScreen] 🧹 [VideoCallScreen] dispose() - cleaning up all resources
[VideoCallController] ℹ️ Disposing VideoCallController
[VideoCallScreen] 🧹 [VideoCallScreen] Dispose ultra conservador - evitando toda limpieza CallState
[VideoCallScreen] ⚠️ [VideoCallScreen] Manteniendo singletons activos - evitando interferencia con llamadas
00:01 +37: /Users/olagg/Personal/talia/test/integration/video_call_integration_test.dart: Video Call Integration Tests should handle camera button tap for video calls
[VideoCallController] ℹ️ Inicializando VideoCallController
🔍 [VideoCallScreen] isVideo=true, isJoined=true, remoteUids=0: {}, isTerminating: false
📱 [VideoCallScreen] No hay usuarios remotos - mostrando preview local
❌ [VideoCallScreen] ❌ [VideoCallScreen] Caller sin credenciales - esto no debería pasar
[VideoCallScreen] 🔍 [VideoCallScreen] _initializeCall completed - success: true, callSetupSuccess: false, isCaller: true
[VideoCallScreen] ❌ [VideoCallScreen] No configurando listener - configuración de llamada falló
🔍 [VideoCallScreen] isVideo=true, isJoined=true, remoteUids=0: {}, isTerminating: false
📱 [VideoCallScreen] No hay usuarios remotos - mostrando preview local

Warning: A call to tap() with finder "Found 1 widget with icon "IconData(U+0E6A8)": [
  Icon(IconData(U+0E6A8), size: 28.0, color: Color(alpha: 1.0000, red: 1.0000, green: 1.0000, blue: 1.0000, colorSpace: ColorSpace.sRGB), dependencies: [Directionality, IconTheme]),
]" derived an Offset (Offset(256.7, 520.0)) that would not hit test on the specified widget.
Maybe the widget is actually off-screen, or another widget is obscuring it, or the widget cannot receive pointer events.
The finder corresponds to this RenderBox: RenderSemanticsAnnotations#b97a8 relayoutBoundary=up1
The hit test result at that offset is: HitTestResult(_RenderColoredBox#5bd84@Offset(256.7, 520.0), RenderStack#6bdd9@Offset(256.7, 520.0), RenderPadding#c5baa@Offset(256.7, 520.0), RenderCustomMultiChildLayoutBox#55d38@Offset(256.7, 520.0), _RenderInkFeatures#8a7f2@Offset(256.7, 520.0), RenderPhysicalModel#f0f31@Offset(256.7, 520.0), RenderSemanticsAnnotations#c1927@Offset(256.7, 520.0), RenderRepaintBoundary#8aa71@Offset(256.7, 520.0), RenderIgnorePointer#7c994@Offset(256.7, 520.0), _RenderSnapshotWidget#feeb4@Offset(256.7, 520.0), _RenderSnapshotWidget#272d8@Offset(256.7, 520.0), _RenderSnapshotWidget#1626d@Offset(256.7, 520.0), _RenderSnapshotWidget#c6e8b@Offset(256.7, 520.0), RenderRepaintBoundary#e8f81@Offset(256.7, 520.0), RenderSemanticsAnnotations#39c19@Offset(256.7, 520.0), RenderOffstage#0e94f@Offset(256.7, 520.0), RenderSemanticsAnnotations#a2bb8@Offset(256.7, 520.0), _RenderTheater#e04d7@Offset(256.7, 520.0), RenderAbsorbPointer#21146@Offset(256.7, 520.0), RenderPointerListener#615ef@Offset(256.7, 520.0), RenderSemanticsAnnotations#ed2f0@Offset(256.7, 520.0), RenderCustomPaint#41a99@Offset(256.7, 520.0), RenderSemanticsAnnotations#45634@Offset(256.7, 520.0), RenderSemanticsAnnotations#7be60@Offset(256.7, 520.0), RenderTapRegionSurface#11653@Offset(256.7, 520.0), RenderSemanticsAnnotations#0d068@Offset(256.7, 520.0), RenderSemanticsAnnotations#0846b@Offset(256.7, 520.0), RenderSemanticsAnnotations#b1853@Offset(256.7, 520.0), HitTestEntry<HitTestTarget>#86700(_ReusableRenderView#89bba), HitTestEntry<HitTestTarget>#010ef(<AutomatedTestWidgetsFlutterBinding>))
#0      WidgetController._getElementPoint (package:flutter_test/src/controller.dart:2077:25)
#1      WidgetController.getCenter (package:flutter_test/src/controller.dart:1861:12)
#2      WidgetController.tap (package:flutter_test/src/controller.dart:1041:7)
#3      main.<anonymous closure>.<anonymous closure> (file:///Users/olagg/Personal/talia/test/integration/video_call_integration_test.dart:156:20)
<asynchronous suspension>
#4      testWidgets.<anonymous closure>.<anonymous closure> (package:flutter_test/src/widget_tester.dart:192:15)
<asynchronous suspension>
#5      TestWidgetsFlutterBinding._runTestBody (package:flutter_test/src/binding.dart:1059:5)
<asynchronous suspension>
#6      StackZoneSpecification._registerCallback.<anonymous closure> (package:stack_trace/src/stack_zone_specification.dart:114:42)
<asynchronous suspension>
To silence this warning, pass "warnIfMissed: false" to "tap()".
To make this warning fatal, set WidgetController.hitTestWarningShouldBeFatal to true.

[VideoCallScreen] 🧹 [VideoCallScreen] dispose() - cleaning up all resources
[VideoCallController] ℹ️ Disposing VideoCallController
[VideoCallScreen] 🧹 [VideoCallScreen] Dispose ultra conservador - evitando toda limpieza CallState
[VideoCallScreen] ⚠️ [VideoCallScreen] Manteniendo singletons activos - evitando interferencia con llamadas
00:01 +38: /Users/olagg/Personal/talia/test/integration/video_call_integration_test.dart: Video Call Integration Tests should not show camera button for audio calls
[VideoCallController] ℹ️ Inicializando VideoCallController
🔍 [VideoCallScreen] isVideo=false, isJoined=true, remoteUids=0: {}, isTerminating: false
⏳ [VideoCallScreen] No conectado aún - mostrando vista de espera
❌ [VideoCallScreen] ❌ [VideoCallScreen] Caller sin credenciales - esto no debería pasar
[VideoCallScreen] 🔍 [VideoCallScreen] _initializeCall completed - success: true, callSetupSuccess: false, isCaller: true
[VideoCallScreen] ❌ [VideoCallScreen] No configurando listener - configuración de llamada falló
🔍 [VideoCallScreen] isVideo=false, isJoined=true, remoteUids=0: {}, isTerminating: false
⏳ [VideoCallScreen] No conectado aún - mostrando vista de espera
[VideoCallScreen] 🧹 [VideoCallScreen] dispose() - cleaning up all resources
[VideoCallController] ℹ️ Disposing VideoCallController
[VideoCallScreen] 🧹 [VideoCallScreen] Dispose ultra conservador - evitando toda limpieza CallState
[VideoCallScreen] ⚠️ [VideoCallScreen] Manteniendo singletons activos - evitando interferencia con llamadas
00:01 +39: /Users/olagg/Personal/talia/test/integration/video_call_integration_test.dart: Video Call Integration Tests should handle end call button tap
══╡ EXCEPTION CAUGHT BY WIDGETS LIBRARY ╞═══════════════════════════════════════════════════════════
The following assertion was thrown building MaterialApp(dirty, state: _MaterialAppState#9e2f8):
If the home property is specified, the routes table cannot include an entry for "/", since it would
be redundant.
'package:flutter/src/widgets/app.dart':
Failed assertion: line 375 pos 10: 'home == null || !routes.containsKey(Navigator.defaultRouteName)'

Either the assertion indicates an error in the framework itself, or we should provide substantially
more information in this error message to help you determine and fix the underlying cause.
In either case, please report this assertion by filing a bug on GitHub:
  https://github.com/flutter/flutter/issues/new?template=02_bug.yml

The relevant error-causing widget was:
  MaterialApp
  MaterialApp:file:///Users/olagg/Personal/talia/test/integration/video_call_integration_test.dart:191:9

When the exception was thrown, this was the stack:
#2      new WidgetsApp (package:flutter/src/widgets/app.dart:375:10)
#3      _MaterialAppState._buildWidgetApp (package:flutter/src/material/app.dart:1101:12)
#4      _MaterialAppState.build (package:flutter/src/material/app.dart:1139:21)
#5      StatefulElement.build (package:flutter/src/widgets/framework.dart:5833:27)
#6      ComponentElement.performRebuild (package:flutter/src/widgets/framework.dart:5723:15)
#7      StatefulElement.performRebuild (package:flutter/src/widgets/framework.dart:5884:11)
#8      Element.rebuild (package:flutter/src/widgets/framework.dart:5435:7)
#9      ComponentElement._firstBuild (package:flutter/src/widgets/framework.dart:5705:5)
#10     StatefulElement._firstBuild (package:flutter/src/widgets/framework.dart:5875:11)
#11     ComponentElement.mount (package:flutter/src/widgets/framework.dart:5699:5)
#12     Element.inflateWidget (package:flutter/src/widgets/framework.dart:4548:16)
#13     Element.updateChild (package:flutter/src/widgets/framework.dart:3998:20)
#14     ComponentElement.performRebuild (package:flutter/src/widgets/framework.dart:5747:16)
#15     Element.rebuild (package:flutter/src/widgets/framework.dart:5435:7)
#16     ProxyElement.update (package:flutter/src/widgets/framework.dart:6051:5)
#17     _InheritedNotifierElement.update (package:flutter/src/widgets/inherited_notifier.dart:108:11)
#18     Element.updateChild (package:flutter/src/widgets/framework.dart:3982:15)
#19     ComponentElement.performRebuild (package:flutter/src/widgets/framework.dart:5747:16)
#20     StatefulElement.performRebuild (package:flutter/src/widgets/framework.dart:5884:11)
#21     Element.rebuild (package:flutter/src/widgets/framework.dart:5435:7)
#22     StatefulElement.update (package:flutter/src/widgets/framework.dart:5909:5)
#23     Element.updateChild (package:flutter/src/widgets/framework.dart:3982:15)
#24     ComponentElement.performRebuild (package:flutter/src/widgets/framework.dart:5747:16)
#25     Element.rebuild (package:flutter/src/widgets/framework.dart:5435:7)
#26     ProxyElement.update (package:flutter/src/widgets/framework.dart:6051:5)
#27     _InheritedNotifierElement.update (package:flutter/src/widgets/inherited_notifier.dart:108:11)
#28     Element.updateChild (package:flutter/src/widgets/framework.dart:3982:15)
#29     ComponentElement.performRebuild (package:flutter/src/widgets/framework.dart:5747:16)
#30     StatefulElement.performRebuild (package:flutter/src/widgets/framework.dart:5884:11)
#31     Element.rebuild (package:flutter/src/widgets/framework.dart:5435:7)
#32     StatefulElement.update (package:flutter/src/widgets/framework.dart:5909:5)
#33     Element.updateChild (package:flutter/src/widgets/framework.dart:3982:15)
#34     ComponentElement.performRebuild (package:flutter/src/widgets/framework.dart:5747:16)
#35     StatefulElement.performRebuild (package:flutter/src/widgets/framework.dart:5884:11)
#36     Element.rebuild (package:flutter/src/widgets/framework.dart:5435:7)
#37     StatefulElement.update (package:flutter/src/widgets/framework.dart:5909:5)
#38     Element.updateChild (package:flutter/src/widgets/framework.dart:3982:15)
#39     ComponentElement.performRebuild (package:flutter/src/widgets/framework.dart:5747:16)
#40     Element.rebuild (package:flutter/src/widgets/framework.dart:5435:7)
#41     ProxyElement.update (package:flutter/src/widgets/framework.dart:6051:5)
#42     Element.updateChild (package:flutter/src/widgets/framework.dart:3982:15)
#43     ComponentElement.performRebuild (package:flutter/src/widgets/framework.dart:5747:16)
#44     StatefulElement.performRebuild (package:flutter/src/widgets/framework.dart:5884:11)
#45     Element.rebuild (package:flutter/src/widgets/framework.dart:5435:7)
#46     StatefulElement.update (package:flutter/src/widgets/framework.dart:5909:5)
#47     Element.updateChild (package:flutter/src/widgets/framework.dart:3982:15)
#48     ComponentElement.performRebuild (package:flutter/src/widgets/framework.dart:5747:16)
#49     Element.rebuild (package:flutter/src/widgets/framework.dart:5435:7)
#50     ProxyElement.update (package:flutter/src/widgets/framework.dart:6051:5)
#51     Element.updateChild (package:flutter/src/widgets/framework.dart:3982:15)
#52     ComponentElement.performRebuild (package:flutter/src/widgets/framework.dart:5747:16)
#53     Element.rebuild (package:flutter/src/widgets/framework.dart:5435:7)
#54     ProxyElement.update (package:flutter/src/widgets/framework.dart:6051:5)
#55     Element.updateChild (package:flutter/src/widgets/framework.dart:3982:15)
#56     _RawViewElement._updateChild (package:flutter/src/widgets/view.dart:481:16)
#57     _RawViewElement.update (package:flutter/src/widgets/view.dart:568:5)
#58     Element.updateChild (package:flutter/src/widgets/framework.dart:3982:15)
#59     ComponentElement.performRebuild (package:flutter/src/widgets/framework.dart:5747:16)
#60     Element.rebuild (package:flutter/src/widgets/framework.dart:5435:7)
#61     StatelessElement.update (package:flutter/src/widgets/framework.dart:5797:5)
#62     Element.updateChild (package:flutter/src/widgets/framework.dart:3982:15)
#63     ComponentElement.performRebuild (package:flutter/src/widgets/framework.dart:5747:16)
#64     StatefulElement.performRebuild (package:flutter/src/widgets/framework.dart:5884:11)
#65     Element.rebuild (package:flutter/src/widgets/framework.dart:5435:7)
#66     StatefulElement.update (package:flutter/src/widgets/framework.dart:5909:5)
#67     Element.updateChild (package:flutter/src/widgets/framework.dart:3982:15)
#68     RootElement._rebuild (package:flutter/src/widgets/binding.dart:1716:16)
#69     RootElement.update (package:flutter/src/widgets/binding.dart:1694:5)
#70     RootElement.performRebuild (package:flutter/src/widgets/binding.dart:1708:7)
#71     Element.rebuild (package:flutter/src/widgets/framework.dart:5435:7)
#72     BuildScope._tryRebuild (package:flutter/src/widgets/framework.dart:2695:15)
#73     BuildScope._flushDirtyElements (package:flutter/src/widgets/framework.dart:2752:11)
#74     BuildOwner.buildScope (package:flutter/src/widgets/framework.dart:3056:18)
#75     AutomatedTestWidgetsFlutterBinding.drawFrame (package:flutter_test/src/binding.dart:1506:19)
#76     RendererBinding._handlePersistentFrameCallback (package:flutter/src/rendering/binding.dart:495:5)
#77     SchedulerBinding._invokeFrameCallback (package:flutter/src/scheduler/binding.dart:1434:15)
#78     SchedulerBinding.handleDrawFrame (package:flutter/src/scheduler/binding.dart:1347:9)
#79     AutomatedTestWidgetsFlutterBinding.pump.<anonymous closure> (package:flutter_test/src/binding.dart:1335:9)
#82     TestAsyncUtils.guard (package:flutter_test/src/test_async_utils.dart:74:41)
#83     AutomatedTestWidgetsFlutterBinding.pump (package:flutter_test/src/binding.dart:1324:27)
#84     WidgetTester.pumpWidget.<anonymous closure> (package:flutter_test/src/widget_tester.dart:598:22)
#87     TestAsyncUtils.guard (package:flutter_test/src/test_async_utils.dart:74:41)
#88     WidgetTester.pumpWidget (package:flutter_test/src/widget_tester.dart:595:27)
#89     main.<anonymous closure>.<anonymous closure> (file:///Users/olagg/Personal/talia/test/integration/video_call_integration_test.dart:190:20)
#90     testWidgets.<anonymous closure>.<anonymous closure> (package:flutter_test/src/widget_tester.dart:192:29)
<asynchronous suspension>
#91     TestWidgetsFlutterBinding._runTestBody (package:flutter_test/src/binding.dart:1059:5)
<asynchronous suspension>
<asynchronous suspension>
(elided 7 frames from class _AssertionError, dart:async, and package:stack_trace)

════════════════════════════════════════════════════════════════════════════════════════════════════
══╡ EXCEPTION CAUGHT BY FLUTTER TEST FRAMEWORK ╞════════════════════════════════════════════════════
The following TestFailure was thrown running a test:
Expected: exactly one matching candidate
  Actual: _IconWidgetFinder:<Found 0 widgets with icon "IconData(U+0E127)": []>
   Which: means none were found but one was expected

When the exception was thrown, this was the stack:
#4      main.<anonymous closure>.<anonymous closure> (file:///Users/olagg/Personal/talia/test/integration/video_call_integration_test.dart:213:7)
<asynchronous suspension>
#5      testWidgets.<anonymous closure>.<anonymous closure> (package:flutter_test/src/widget_tester.dart:192:15)
<asynchronous suspension>
#6      TestWidgetsFlutterBinding._runTestBody (package:flutter_test/src/binding.dart:1059:5)
<asynchronous suspension>
<asynchronous suspension>
(elided one frame from package:stack_trace)

This was caught by the test expectation on the following line:
  file:///Users/olagg/Personal/talia/test/integration/video_call_integration_test.dart line 213
The test description was:
  should handle end call button tap
════════════════════════════════════════════════════════════════════════════════════════════════════
══╡ EXCEPTION CAUGHT BY FLUTTER TEST FRAMEWORK ╞════════════════════════════════════════════════════
The following message was thrown:
Multiple exceptions (2) were detected during the running of the current test, and at least one was
unexpected.
════════════════════════════════════════════════════════════════════════════════════════════════════
00:01 +39 -1: /Users/olagg/Personal/talia/test/integration/video_call_integration_test.dart: Video Call Integration Tests should handle end call button tap [E]
  Test failed. See exception logs above.
  The test description was: should handle end call button tap
  
00:01 +39 -1: /Users/olagg/Personal/talia/test/integration/video_call_integration_test.dart: Video Call Integration Tests should handle error scenarios gracefully
[VideoCallController] ℹ️ Inicializando VideoCallController
🔍 [VideoCallScreen] isVideo=true, isJoined=true, remoteUids=0: {}, isTerminating: false
📱 [VideoCallScreen] No hay usuarios remotos - mostrando preview local
❌ [VideoCallScreen] ❌ [VideoCallScreen] Caller sin credenciales - esto no debería pasar
[VideoCallScreen] 🔍 [VideoCallScreen] _initializeCall completed - success: true, callSetupSuccess: false, isCaller: true
[VideoCallScreen] ❌ [VideoCallScreen] No configurando listener - configuración de llamada falló
🔍 [VideoCallScreen] isVideo=true, isJoined=true, remoteUids=0: {}, isTerminating: false
📱 [VideoCallScreen] No hay usuarios remotos - mostrando preview local
[VideoCallScreen] 🧹 [VideoCallScreen] dispose() - cleaning up all resources
[VideoCallController] ℹ️ Disposing VideoCallController
[VideoCallScreen] 🧹 [VideoCallScreen] Dispose ultra conservador - evitando toda limpieza CallState
[VideoCallScreen] ⚠️ [VideoCallScreen] Manteniendo singletons activos - evitando interferencia con llamadas
00:01 +40 -1: /Users/olagg/Personal/talia/test/integration/video_call_integration_test.dart: Video Call Integration Tests should handle UI interactions gracefully
[VideoCallController] ℹ️ Inicializando VideoCallController
🔍 [VideoCallScreen] isVideo=true, isJoined=true, remoteUids=0: {}, isTerminating: false
📱 [VideoCallScreen] No hay usuarios remotos - mostrando preview local
❌ [VideoCallScreen] ❌ [VideoCallScreen] Caller sin credenciales - esto no debería pasar
[VideoCallScreen] 🔍 [VideoCallScreen] _initializeCall completed - success: true, callSetupSuccess: false, isCaller: true
[VideoCallScreen] ❌ [VideoCallScreen] No configurando listener - configuración de llamada falló
🔍 [VideoCallScreen] isVideo=true, isJoined=true, remoteUids=0: {}, isTerminating: false
📱 [VideoCallScreen] No hay usuarios remotos - mostrando preview local
[VideoCallScreen] 🧹 [VideoCallScreen] dispose() - cleaning up all resources
[VideoCallController] ℹ️ Disposing VideoCallController
[VideoCallScreen] 🧹 [VideoCallScreen] Dispose ultra conservador - evitando toda limpieza CallState
[VideoCallScreen] ⚠️ [VideoCallScreen] Manteniendo singletons activos - evitando interferencia con llamadas
00:01 +41 -1: /Users/olagg/Personal/talia/test/integration/video_call_integration_test.dart: Video Call Integration Tests should display connection status initially
[VideoCallController] ℹ️ Inicializando VideoCallController
🔍 [VideoCallScreen] isVideo=true, isJoined=true, remoteUids=0: {}, isTerminating: false
📱 [VideoCallScreen] No hay usuarios remotos - mostrando preview local
❌ [VideoCallScreen] ❌ [VideoCallScreen] Caller sin credenciales - esto no debería pasar
[VideoCallScreen] 🔍 [VideoCallScreen] _initializeCall completed - success: true, callSetupSuccess: false, isCaller: true
[VideoCallScreen] ❌ [VideoCallScreen] No configurando listener - configuración de llamada falló
🔍 [VideoCallScreen] isVideo=true, isJoined=true, remoteUids=0: {}, isTerminating: false
📱 [VideoCallScreen] No hay usuarios remotos - mostrando preview local
[VideoCallScreen] 🧹 [VideoCallScreen] dispose() - cleaning up all resources
[VideoCallController] ℹ️ Disposing VideoCallController
[VideoCallScreen] 🧹 [VideoCallScreen] Dispose ultra conservador - evitando toda limpieza CallState
[VideoCallScreen] ⚠️ [VideoCallScreen] Manteniendo singletons activos - evitando interferencia con llamadas
00:01 +42 -1: /Users/olagg/Personal/talia/test/integration/video_call_integration_test.dart: Video Call Integration Tests should display group call UI for multiple participants
[VideoCallController] ℹ️ Inicializando VideoCallController
🔍 [VideoCallScreen] isVideo=true, isJoined=true, remoteUids=3: {123, 456, 789}, isTerminating: false
👥 [VideoCallScreen] Múltiples usuarios remotos - mostrando grid
❌ [VideoCallScreen] ❌ [VideoCallScreen] Caller sin credenciales - esto no debería pasar
[VideoCallScreen] 🔍 [VideoCallScreen] _initializeCall completed - success: true, callSetupSuccess: false, isCaller: true
[VideoCallScreen] ❌ [VideoCallScreen] No configurando listener - configuración de llamada falló
🔍 [VideoCallScreen] isVideo=true, isJoined=true, remoteUids=3: {123, 456, 789}, isTerminating: false
👥 [VideoCallScreen] Múltiples usuarios remotos - mostrando grid
[VideoCallScreen] 🧹 [VideoCallScreen] dispose() - cleaning up all resources
[VideoCallController] ℹ️ Disposing VideoCallController
[VideoCallScreen] 🧹 [VideoCallScreen] Dispose ultra conservador - evitando toda limpieza CallState
[VideoCallScreen] ⚠️ [VideoCallScreen] Manteniendo singletons activos - evitando interferencia con llamadas
00:01 +43 -1: /Users/olagg/Personal/talia/test/integration/video_call_integration_test.dart: Video Call Integration Tests should show add participant button
[VideoCallController] ℹ️ Inicializando VideoCallController
🔍 [VideoCallScreen] isVideo=true, isJoined=true, remoteUids=0: {}, isTerminating: false
📱 [VideoCallScreen] No hay usuarios remotos - mostrando preview local
❌ [VideoCallScreen] ❌ [VideoCallScreen] Caller sin credenciales - esto no debería pasar
[VideoCallScreen] 🔍 [VideoCallScreen] _initializeCall completed - success: true, callSetupSuccess: false, isCaller: true
[VideoCallScreen] ❌ [VideoCallScreen] No configurando listener - configuración de llamada falló
🔍 [VideoCallScreen] isVideo=true, isJoined=true, remoteUids=0: {}, isTerminating: false
📱 [VideoCallScreen] No hay usuarios remotos - mostrando preview local

Warning: A call to tap() with finder "Found 1 widget with icon "IconData(U+0E492)": [
  Icon(IconData(U+0E492), size: 28.0, color: Color(alpha: 1.0000, red: 1.0000, green: 1.0000, blue: 1.0000, colorSpace: ColorSpace.sRGB), dependencies: [Directionality, IconTheme]),
]" derived an Offset (Offset(543.3, 520.0)) that would not hit test on the specified widget.
Maybe the widget is actually off-screen, or another widget is obscuring it, or the widget cannot receive pointer events.
The finder corresponds to this RenderBox: RenderSemanticsAnnotations#325d8 relayoutBoundary=up1
The hit test result at that offset is: HitTestResult(_RenderColoredBox#f76c3@Offset(543.3, 520.0), RenderStack#e1acf@Offset(543.3, 520.0), RenderPadding#4028d@Offset(543.3, 520.0), RenderCustomMultiChildLayoutBox#cd5b6@Offset(543.3, 520.0), _RenderInkFeatures#20107@Offset(543.3, 520.0), RenderPhysicalModel#81b68@Offset(543.3, 520.0), RenderSemanticsAnnotations#2e1cc@Offset(543.3, 520.0), RenderRepaintBoundary#b4731@Offset(543.3, 520.0), RenderIgnorePointer#78759@Offset(543.3, 520.0), _RenderSnapshotWidget#e538b@Offset(543.3, 520.0), _RenderSnapshotWidget#e838d@Offset(543.3, 520.0), _RenderSnapshotWidget#73641@Offset(543.3, 520.0), _RenderSnapshotWidget#c5d81@Offset(543.3, 520.0), RenderRepaintBoundary#57d81@Offset(543.3, 520.0), RenderSemanticsAnnotations#fb4ce@Offset(543.3, 520.0), RenderOffstage#25bb6@Offset(543.3, 520.0), RenderSemanticsAnnotations#759d5@Offset(543.3, 520.0), _RenderTheater#5bf0d@Offset(543.3, 520.0), RenderAbsorbPointer#8c7c8@Offset(543.3, 520.0), RenderPointerListener#1ba63@Offset(543.3, 520.0), RenderSemanticsAnnotations#59735@Offset(543.3, 520.0), RenderCustomPaint#d9ba4@Offset(543.3, 520.0), RenderSemanticsAnnotations#e1aaf@Offset(543.3, 520.0), RenderSemanticsAnnotations#7a64e@Offset(543.3, 520.0), RenderTapRegionSurface#467f1@Offset(543.3, 520.0), RenderSemanticsAnnotations#51e44@Offset(543.3, 520.0), RenderSemanticsAnnotations#6bd93@Offset(543.3, 520.0), RenderSemanticsAnnotations#f0250@Offset(543.3, 520.0), HitTestEntry<HitTestTarget>#eb793(_ReusableRenderView#89bba), HitTestEntry<HitTestTarget>#2ad63(<AutomatedTestWidgetsFlutterBinding>))
#0      WidgetController._getElementPoint (package:flutter_test/src/controller.dart:2077:25)
#1      WidgetController.getCenter (package:flutter_test/src/controller.dart:1861:12)
#2      WidgetController.tap (package:flutter_test/src/controller.dart:1041:7)
#3      main.<anonymous closure>.<anonymous closure> (file:///Users/olagg/Personal/talia/test/integration/video_call_integration_test.dart:327:20)
<asynchronous suspension>
#4      testWidgets.<anonymous closure>.<anonymous closure> (package:flutter_test/src/widget_tester.dart:192:15)
<asynchronous suspension>
#5      TestWidgetsFlutterBinding._runTestBody (package:flutter_test/src/binding.dart:1059:5)
<asynchronous suspension>
#6      StackZoneSpecification._registerCallback.<anonymous closure> (package:stack_trace/src/stack_zone_specification.dart:114:42)
<asynchronous suspension>
To silence this warning, pass "warnIfMissed: false" to "tap()".
To make this warning fatal, set WidgetController.hitTestWarningShouldBeFatal to true.

══╡ EXCEPTION CAUGHT BY FLUTTER TEST FRAMEWORK ╞════════════════════════════════════════════════════
The following TestFailure was thrown running a test:
Expected: exactly one matching candidate
  Actual: _TextWidgetFinder:<Found 0 widgets with text "Funcionalidad de invitación en desarrollo":
[]>
   Which: means none were found but one was expected

When the exception was thrown, this was the stack:
#4      main.<anonymous closure>.<anonymous closure> (file:///Users/olagg/Personal/talia/test/integration/video_call_integration_test.dart:331:7)
<asynchronous suspension>
#5      testWidgets.<anonymous closure>.<anonymous closure> (package:flutter_test/src/widget_tester.dart:192:15)
<asynchronous suspension>
#6      TestWidgetsFlutterBinding._runTestBody (package:flutter_test/src/binding.dart:1059:5)
<asynchronous suspension>
<asynchronous suspension>
(elided one frame from package:stack_trace)

This was caught by the test expectation on the following line:
  file:///Users/olagg/Personal/talia/test/integration/video_call_integration_test.dart line 331
The test description was:
  should show add participant button
════════════════════════════════════════════════════════════════════════════════════════════════════
00:02 +43 -2: /Users/olagg/Personal/talia/test/screens/video_call_navigation_regression_test.dart: CallKit Navigation Logic Regression Tests CallKit scenario detection should match VideoCallScreen logic
00:02 +43 -2: /Users/olagg/Personal/talia/test/integration/video_call_integration_test.dart: Video Call Integration Tests should show add participant button [E]
  Test failed. See exception logs above.
  The test description was: should show add participant button
  
00:02 +44 -2: /Users/olagg/Personal/talia/test/integration/video_call_integration_test.dart: Video Call Integration Tests Screen State Management should properly initialize and dispose controller
00:02 +45 -2: /Users/olagg/Personal/talia/test/integration/video_call_integration_test.dart: Video Call Integration Tests Screen State Management should properly initialize and dispose controller
[VideoCallScreen] 🧹 [VideoCallScreen] dispose() - cleaning up all resources
[VideoCallController] ℹ️ Disposing VideoCallController
[VideoCallScreen] 🧹 [VideoCallScreen] Dispose ultra conservador - evitando toda limpieza CallState
[VideoCallScreen] ⚠️ [VideoCallScreen] Manteniendo singletons activos - evitando interferencia con llamadas
00:02 +46 -2: /Users/olagg/Personal/talia/test/integration/video_call_integration_test.dart: Video Call Integration Tests Screen State Management should properly initialize and dispose controller
00:02 +47 -2: /Users/olagg/Personal/talia/test/integration/video_call_integration_test.dart: Video Call Integration Tests Screen State Management should properly initialize and dispose controller
00:02 +48 -2: /Users/olagg/Personal/talia/test/integration/video_call_integration_test.dart: Video Call Integration Tests Screen State Management should properly initialize and dispose controller
00:02 +49 -2: /Users/olagg/Personal/talia/test/integration/video_call_integration_test.dart: Video Call Integration Tests Screen State Management should properly initialize and dispose controller
00:02 +50 -2: /Users/olagg/Personal/talia/test/integration/video_call_integration_test.dart: Video Call Integration Tests Screen State Management should properly initialize and dispose controller
00:02 +50 -3: /Users/olagg/Personal/talia/test/integration/video_call_integration_test.dart: Video Call Integration Tests Screen State Management should properly initialize and dispose controller [E]
  'package:flutter/src/foundation/stack_frame.dart': Failed assertion: line 210 pos 12: 'match != null': Expected #3      new VideoCallRepository._internal () to match RegExp: pattern=^#(\d+) +(.+) \((.+?):?(\d+){0,1}:?(\d+){0,1}\)$ flags=.
  dart:core                                                _AssertionError._throwNew
  package:flutter/src/foundation/stack_frame.dart 210:12   StackFrame.fromStackTraceLine
  dart:core                                                Iterable.toList
  package:flutter/src/foundation/stack_frame.dart 85:10    StackFrame.fromStackString
  package:flutter/src/foundation/assertions.dart 1092:54   FlutterError.defaultStackFilter
  package:flutter/src/foundation/assertions.dart 1284:43   DiagnosticsStackTrace._applyStackFilter
  package:flutter/src/foundation/assertions.dart 1263:22   new DiagnosticsStackTrace
  package:flutter/src/foundation/assertions.dart 726:9     FlutterErrorDetails.debugFillProperties
  package:flutter/src/foundation/diagnostics.dart 2924:17  DiagnosticableNode.builder.<fn>
  package:flutter/src/foundation/diagnostics.dart 2927:8   DiagnosticableNode.builder
  package:flutter/src/foundation/assertions.dart 1303:56   _FlutterErrorDetailsNode.builder
  package:flutter/src/foundation/diagnostics.dart 2945:68  DiagnosticableNode.getProperties
  package:flutter/src/foundation/diagnostics.dart 1270:63  TextTreeRenderer._debugRender
  package:flutter/src/foundation/diagnostics.dart 1137:14  TextTreeRenderer.render
  package:flutter/src/foundation/assertions.dart 1040:13   FlutterError.dumpErrorToConsole
  package:flutter_test/src/binding.dart 886:24             TestWidgetsFlutterBinding._runTest.<fn>
  package:flutter/src/foundation/assertions.dart 1203:14   FlutterError.reportError
  package:flutter_test/src/binding.dart 985:20             TestWidgetsFlutterBinding._runTest.handleUncaughtError
  package:flutter_test/src/binding.dart 1027:13            TestWidgetsFlutterBinding._runTest.<fn>
  ===== asynchronous gap ===========================
  dart:async                                               _CustomZone.registerBinaryCallback
  package:flutter_test/src/binding.dart 1048:5             TestWidgetsFlutterBinding._runTestBody
  dart:async                                               _CustomZone.runBinary
  package:flutter_test/src/binding.dart 1033:10            TestWidgetsFlutterBinding._runTest
  package:flutter_test/src/binding.dart 1564:24            AutomatedTestWidgetsFlutterBinding.runTest.<fn>
  package:fake_async/fake_async.dart 182:47                FakeAsync.run.<fn>.<fn>
  dart:async                                               runZoned
  package:clock/src/default.dart 52:10                     withClock
  package:fake_async/fake_async.dart 182:15                FakeAsync.run.<fn>
  dart:async                                               runZoned
  package:fake_async/fake_async.dart 181:52                FakeAsync.run
  package:flutter_test/src/binding.dart 1561:15            AutomatedTestWidgetsFlutterBinding.runTest
  package:flutter_test/src/widget_tester.dart 184:24       testWidgets.<fn>
  
00:02 +50 -3: /Users/olagg/Personal/talia/test/screens/child_notifications_screen_test.dart: 🚨 CRITICAL: Child Notifications Screen - False Read Receipts Prevention (setUpAll)
00:02 +50 -3: /Users/olagg/Personal/talia/test/screens/child_notifications_screen_test.dart: 🚨 CRITICAL: Child Notifications Screen - False Read Receipts Prevention 🔒 REGRESSION TEST: Screen should NOT automatically mark notifications as read
00:02 +51 -3: /Users/olagg/Personal/talia/test/screens/child_notifications_screen_test.dart: 🚨 CRITICAL: Child Notifications Screen - False Read Receipts Prevention 🔒 VERIFICATION: Screen should only mark as read on explicit user tap
00:02 +52 -3: /Users/olagg/Personal/talia/test/screens/child_notifications_screen_test.dart: 🚨 CRITICAL: Child Notifications Screen - False Read Receipts Prevention 🛡️ SAFETY: AppBar "Mark All Read" button should require explicit user tap
00:02 +53 -3: /Users/olagg/Personal/talia/test/screens/child_notifications_screen_test.dart: 🚨 CRITICAL: Child Notifications Screen - False Read Receipts Prevention 🏆 FINAL VERIFICATION: Screen Behavior Compliance 🎉 COMPLETE: No automatic read marking in entire screen lifecycle
00:02 +54 -3: /Users/olagg/Personal/talia/test/screens/child_notifications_screen_test.dart: 🚨 CRITICAL: Child Notifications Screen - False Read Receipts Prevention 🏆 FINAL VERIFICATION: Screen Behavior Compliance 📋 SUMMARY: Screen UI compliance with manual-only read marking
00:02 +55 -3: /Users/olagg/Personal/talia/test/screens/child_notifications_screen_test.dart: 🚨 CRITICAL: Child Notifications Screen - False Read Receipts Prevention (tearDownAll)
00:02 +55 -3: /Users/olagg/Personal/talia/test/screens/child_notifications_screen_test.dart: 📱 SCREEN FUNCTIONALITY TESTS ✅ Basic screen widget creation works correctly
00:02 +56 -3: /Users/olagg/Personal/talia/test/screens/child_notifications_screen_test.dart: 📱 SCREEN FUNCTIONALITY TESTS ✅ AppBar title displays child name correctly
00:02 +57 -3: /Users/olagg/Personal/talia/test/screens/child_notifications_screen_test.dart: 📱 SCREEN FUNCTIONALITY TESTS ✅ Widget properties are set correctly
00:02 +58 -3: /Users/olagg/Personal/talia/test/screens/common/incoming_call_screen_test.dart: 🚨 CRITICAL: Incoming Call Screen - Firebase-Free Widget Testing (setUpAll)
00:02 +58 -3: /Users/olagg/Personal/talia/test/screens/common/incoming_call_screen_test.dart: 🚨 CRITICAL: Incoming Call Screen - Firebase-Free Widget Testing 🔒 REGRESSION TEST: Widget creation should work without Firebase errors
00:02 +59 -3: /Users/olagg/Personal/talia/test/controllers/child_notifications_controller_test.dart: 🚨 CRITICAL: Child Notifications Controller - Firebase-Free Testing 🔒 REGRESSION TEST: Controller constructor should work without Firebase errors
00:02 +60 -3: /Users/olagg/Personal/talia/test/controllers/child_notifications_controller_test.dart: 🚨 CRITICAL: Child Notifications Controller - Firebase-Free Testing 🔒 REGRESSION TEST: Controller constructor should work without Firebase errors
00:02 +61 -3: /Users/olagg/Personal/talia/test/controllers/child_notifications_controller_test.dart: 🚨 CRITICAL: Child Notifications Controller - Firebase-Free Testing 🔒 REGRESSION TEST: Controller constructor should work without Firebase errors
00:02 +62 -3: /Users/olagg/Personal/talia/test/controllers/child_notifications_controller_test.dart: 🚨 CRITICAL: Child Notifications Controller - Firebase-Free Testing 🔒 REGRESSION TEST: Controller constructor should work without Firebase errors
00:02 +63 -3: /Users/olagg/Personal/talia/test/controllers/child_notifications_controller_test.dart: 🚨 CRITICAL: Child Notifications Controller - Firebase-Free Testing 🔒 REGRESSION TEST: Controller constructor should work without Firebase errors
00:02 +64 -3: /Users/olagg/Personal/talia/test/controllers/child_notifications_controller_test.dart: 🚨 CRITICAL: Child Notifications Controller - Firebase-Free Testing 🔒 REGRESSION TEST: Controller constructor should work without Firebase errors
00:02 +65 -3: /Users/olagg/Personal/talia/test/controllers/child_notifications_controller_test.dart: 🚨 CRITICAL: Child Notifications Controller - Firebase-Free Testing 🔒 REGRESSION TEST: Controller constructor should work without Firebase errors
00:02 +66 -3: /Users/olagg/Personal/talia/test/controllers/child_notifications_controller_test.dart: 🚨 CRITICAL: Child Notifications Controller - Firebase-Free Testing 🔒 REGRESSION TEST: Controller constructor should work without Firebase errors
00:02 +67 -3: /Users/olagg/Personal/talia/test/controllers/child_notifications_controller_test.dart: 🚨 CRITICAL: Child Notifications Controller - Firebase-Free Testing 🔒 REGRESSION TEST: Controller constructor should work without Firebase errors
00:02 +68 -3: /Users/olagg/Personal/talia/test/controllers/child_notifications_controller_test.dart: 🚨 CRITICAL: Child Notifications Controller - Firebase-Free Testing 🔒 VERIFICATION: Controller parameter validation works correctly
00:02 +69 -3: /Users/olagg/Personal/talia/test/controllers/child_notifications_controller_test.dart: 🚨 CRITICAL: Child Notifications Controller - Firebase-Free Testing 🛡️ SAFETY: Controller should handle various child ID formats
00:02 +70 -3: /Users/olagg/Personal/talia/test/controllers/child_notifications_controller_test.dart: 🚨 CRITICAL: Child Notifications Controller - Firebase-Free Testing 🔒 EMERGENCY: Controller should handle emergency scenarios
00:02 +71 -3: /Users/olagg/Personal/talia/test/controllers/child_notifications_controller_test.dart: 🚨 CRITICAL: Child Notifications Controller - Firebase-Free Testing 🏆 FINAL VERIFICATION: Controller Structure Compliance 🎉 COMPLETE: Controller handles all parameter combinations
00:02 +72 -3: /Users/olagg/Personal/talia/test/controllers/child_notifications_controller_test.dart: 🚨 CRITICAL: Child Notifications Controller - Firebase-Free Testing 🏆 FINAL VERIFICATION: Controller Structure Compliance 📋 SUMMARY: Controller lifecycle is clean and stable
00:02 +73 -3: /Users/olagg/Personal/talia/test/controllers/child_notifications_controller_test.dart: 🚨 CRITICAL: Child Notifications Controller - Firebase-Free Testing (tearDownAll)
00:02 +73 -3: /Users/olagg/Personal/talia/test/controllers/child_notifications_controller_test.dart: 📱 CONTROLLER STRUCTURE TESTS ✅ Parameter validation works correctly
00:02 +74 -3: /Users/olagg/Personal/talia/test/controllers/child_notifications_controller_test.dart: 📱 CONTROLLER STRUCTURE TESTS ✅ Empty parameter handling
00:02 +75 -3: /Users/olagg/Personal/talia/test/controllers/child_notifications_controller_test.dart: 📱 CONTROLLER STRUCTURE TESTS ✅ Controller requirements validation
00:02 +76 -3: /Users/olagg/Personal/talia/test/controllers/message_deletion_sync_test.dart: 🚨 CRITICAL: Message Deletion Synchronization Fix 🔒 chat_controller_optimistic.dart should handle DocumentChangeType.removed
00:02 +77 -3: /Users/olagg/Personal/talia/test/controllers/message_deletion_sync_test.dart: 🚨 CRITICAL: Message Deletion Synchronization Fix 🔒 Listener debe procesar todos los tipos de cambios de documentos
00:02 +78 -3: /Users/olagg/Personal/talia/test/controllers/message_deletion_sync_test.dart: 🚨 CRITICAL: Message Deletion Synchronization Fix 🔒 _handleMessageDeleted debe eliminar mensaje del estado y UI
00:02 +79 -3: /Users/olagg/Personal/talia/test/controllers/message_deletion_sync_test.dart: 🚨 CRITICAL: Message Deletion Synchronization Fix 🏆 FINAL VERIFICATION: Message Deletion Sync Fix 🎉 COMPLETE: Message deletion synchronization fully implemented
00:02 +80 -3: /Users/olagg/Personal/talia/test/controllers/message_deletion_sync_test.dart: 🚨 CRITICAL: Message Deletion Synchronization Fix 🏆 FINAL VERIFICATION: Message Deletion Sync Fix 📋 SUMMARY: Synchronization bug completely resolved
00:03 +81 -3: /Users/olagg/Personal/talia/test/controllers/video_call_controller_test.dart: (setUpAll)
00:03 +82 -3: /Users/olagg/Personal/talia/test/controllers/video_call_controller_test.dart: (setUpAll)
00:03 +83 -3: /Users/olagg/Personal/talia/test/controllers/video_call_controller_test.dart: (setUpAll)
00:03 +84 -3: /Users/olagg/Personal/talia/test/controllers/video_call_controller_test.dart: (setUpAll)
00:03 +85 -3: /Users/olagg/Personal/talia/test/controllers/video_call_controller_test.dart: (setUpAll)
00:03 +86 -3: /Users/olagg/Personal/talia/test/controllers/video_call_controller_test.dart: (setUpAll)
00:03 +86 -3: /Users/olagg/Personal/talia/test/controllers/message_deletion_functional_test.dart: 🧪 FUNCTIONAL: Message Deletion Sync Between Users 📱 SCENARIO: A sends message, then deletes it - B should see deletion
00:03 +86 -3: /Users/olagg/Personal/talia/test/controllers/video_call_controller_test.dart: VideoCallController Tests - Business Logic Only Initialization should handle initialization gracefully
[VideoCallController] ℹ️ Disposing VideoCallController
00:03 +87 -3: /Users/olagg/Personal/talia/test/controllers/video_call_controller_test.dart: VideoCallController Tests - Business Logic Only Initialization should handle initialization gracefully
00:03 +88 -3: /Users/olagg/Personal/talia/test/controllers/video_call_controller_test.dart: VideoCallController Tests - Business Logic Only Initialization should handle disposal gracefully
[VideoCallController] ℹ️ Disposing VideoCallController
00:03 +89 -3: /Users/olagg/Personal/talia/test/controllers/video_call_controller_test.dart: VideoCallController Tests - Business Logic Only Initialization should handle disposal gracefully
00:03 +90 -3: /Users/olagg/Personal/talia/test/controllers/message_deletion_functional_test.dart: 🧪 FUNCTIONAL: Message Deletion Sync Between Users 💡 EXPECTED BEHAVIOR: Real-time listener should handle all change types
00:03 +91 -3: /Users/olagg/Personal/talia/test/controllers/video_call_controller_test.dart: VideoCallController Tests - Business Logic Only Call Operations should provide call operation methods
[VideoCallController] ℹ️ Iniciando llamada: test-receiver
[VideoCallOrchestrator] 🚀 [Orchestrator] ══════════════════════════════════════════════════════
[VideoCallOrchestrator] 🚀 [Orchestrator] INICIANDO START CALL
[VideoCallOrchestrator] 🚀 [Orchestrator] receiverId: test-receiver, receiverName: Test Receiver, isVideo: true
[VideoCallOrchestrator] 🚀 [Orchestrator] ══════════════════════════════════════════════════════
[VideoCallOrchestrator] ⚙️ [Orchestrator] Orchestrator NO inicializado - inicializando...
00:03 +92 -3: /Users/olagg/Personal/talia/test/controllers/video_call_controller_test.dart: VideoCallController Tests - Business Logic Only Call Operations should provide call operation methods
[VideoCallOrchestrator] 📞 [Orchestrator] PASO 1: Llamando a CallInitiationService.initiateCall
[CallInitiation] 🚀 [CallInitiation] INICIANDO LLAMADA - receiverId: test-receiver, receiverName: Test Receiver, isVideo: true
[CallInitiation] 👤 [CallInitiation] Usuario autenticado: test_video_caller_id
[CallInitiation] 🔍 [CallInitiation] Verificando usuario destinatario: test-receiver
00:03 +93 -3: /Users/olagg/Personal/talia/test/controllers/video_call_controller_test.dart: VideoCallController Tests - Business Logic Only Call Operations should provide call operation methods
[CallInitiation] ✅ [CallInitiation] Usuario destinatario verificado: test-receiver
[CallInitiation] ☁️ [CallInitiation] Llamando a Cloud Function initiateVideoCall
[CallInitiation] 📥 [CallInitiation] Respuesta de Cloud Function recibida
[CallInitiation] 📋 [CallInitiation] Datos de Cloud Function: success=true, hasError=false
❌ [CallInitiation] 💥 [CallInitiation] ERROR CRÍTICO iniciando videollamada: type 'Null' is not a subtype of type 'String' in type cast
❌ [CallInitiation] 🔍 [CallInitiation] Stack trace: #0      CallInitiationService.initiateCall ()
<asynchronous suspension>
#1      VideoCallOrchestrator.startCall ()
<asynchronous suspension>
#2      VideoCallController.startCall ()
<asynchronous suspension>
#3      main.<anonymous closure>.<anonymous closure>.<anonymous closure> (file:///Users/olagg/Personal/talia/test/controllers/video_call_controller_test.dart:89:31)
<asynchronous suspension>
#4      Declarer.test.<anonymous closure>.<anonymous closure> (package:test_api/src/backend/declarer.dart:242:9)
<asynchronous suspension>
#5      Declarer.test.<anonymous closure> (package:test_api/src/backend/declarer.dart:240:7)
<asynchronous suspension>
#6      Invoker._waitForOutstandingCallbacks.<anonymous closure> (package:test_api/src/backend/invoker.dart:282:9)
<asynchronous suspension>

[VideoCallOrchestrator] 📞 [Orchestrator] RESULTADO de CallInitiationService: success=false
❌ [VideoCallOrchestrator] ❌ [Orchestrator] CallInitiationService FALLÓ: type 'Null' is not a subtype of type 'String' in type cast
[VideoCallController] ℹ️ Aceptando llamada: test-call-123
❌ [CallInitiation] Error aceptando videollamada test-call-123: Exception: Videollamada no encontrada
[VideoCallController] ℹ️ Disposing VideoCallController
00:03 +94 -3: /Users/olagg/Personal/talia/test/controllers/video_call_controller_test.dart: VideoCallController Tests - Business Logic Only State Management should provide state properties without throwing
[VideoCallController] ℹ️ Disposing VideoCallController
00:03 +95 -3: /Users/olagg/Personal/talia/test/controllers/video_call_controller_test.dart: VideoCallController Tests - Business Logic Only State Management should generate connection status text
[VideoCallController] ℹ️ Disposing VideoCallController
00:03 +96 -3: /Users/olagg/Personal/talia/test/controllers/video_call_controller_test.dart: VideoCallController Tests - Business Logic Only Debug Info should provide debug information structure
[VideoCallController] ℹ️ Disposing VideoCallController
00:03 +97 -3: /Users/olagg/Personal/talia/test/controllers/video_call_controller_test.dart: VideoCallController Tests - Business Logic Only Callbacks should allow setting callbacks
[VideoCallController] ℹ️ Disposing VideoCallController
00:03 +98 -3: /Users/olagg/Personal/talia/test/controllers/video_call_controller_test.dart: (tearDownAll)
00:04 +98 -3: /Users/olagg/Personal/talia/test/services/voip_service_test.dart: VoIPService Logic Tests (without singleton) (setUpAll)
00:04 +98 -3: /Users/olagg/Personal/talia/test/services/voip_service_test.dart: VoIPService Logic Tests (without singleton) Call Event Logic Tests VideoCallService.rejectCall is called correctly
00:04 +99 -3: /Users/olagg/Personal/talia/test/services/voip_service_test.dart: VoIPService Logic Tests (without singleton) Call Event Logic Tests Method channel integration works
00:04 +100 -3: /Users/olagg/Personal/talia/test/services/voip_service_test.dart: VoIPService Logic Tests (without singleton) Call Event Logic Tests Error handling in call decline works correctly
00:04 +101 -3: /Users/olagg/Personal/talia/test/services/user_profile_cache_service_test.dart: UserProfileCacheService getUserProfile returns null for non-existent user
00:04 +102 -3: /Users/olagg/Personal/talia/test/services/user_profile_cache_service_test.dart: UserProfileCacheService getUserProfile returns null for non-existent user
00:04 +103 -3: /Users/olagg/Personal/talia/test/services/user_profile_cache_service_test.dart: UserProfileCacheService getUserProfile returns null for non-existent user
00:04 +104 -3: /Users/olagg/Personal/talia/test/services/user_profile_cache_service_test.dart: UserProfileCacheService getUserProfile returns null for non-existent user
00:04 +105 -3: /Users/olagg/Personal/talia/test/services/user_profile_cache_service_test.dart: UserProfileCacheService getUserProfile returns null for non-existent user
00:04 +106 -3: /Users/olagg/Personal/talia/test/services/user_profile_cache_service_test.dart: UserProfileCacheService getUserProfile returns null for non-existent user
00:04 +107 -3: /Users/olagg/Personal/talia/test/services/voip_service_test.dart: VoIPService Logic Tests (without singleton) Error Handling Logic Platform exception handling works
00:04 +108 -3: /Users/olagg/Personal/talia/test/services/user_profile_cache_service_test.dart: UserProfileCacheService getUserProfile returns cached profile on second call
00:04 +109 -3: /Users/olagg/Personal/talia/test/services/user_profile_cache_service_test.dart: UserProfileCacheService getUserProfile returns cached profile on second call
00:04 +110 -3: /Users/olagg/Personal/talia/test/services/voip_service_test.dart: VoIPService Logic Tests (without singleton) Error Handling Logic Call data validation catches invalid data
00:04 +111 -3: /Users/olagg/Personal/talia/test/services/user_profile_cache_service_test.dart: UserProfileCacheService invalidateUser removes user from cache
00:04 +112 -3: /Users/olagg/Personal/talia/test/services/voip_service_test.dart: VoIPService Logic Tests (without singleton) Platform Integration Logic Method channel handlers work correctly
00:04 +113 -3: /Users/olagg/Personal/talia/test/services/user_profile_cache_service_test.dart: UserProfileCacheService clearCache clears entire cache
00:04 +114 -3: /Users/olagg/Personal/talia/test/services/voip_service_test.dart: VoIPService Logic Tests (without singleton) Platform Integration Logic Token refresh logic works
00:04 +115 -3: /Users/olagg/Personal/talia/test/services/user_profile_cache_service_test.dart: UserProfileCacheService preloadProfiles handles empty list
00:04 +116 -3: /Users/olagg/Personal/talia/test/services/voip_service_test.dart: VoIPService Logic Tests (without singleton) CallKit Integration Logic CallKit call arguments are validated
00:04 +117 -3: /Users/olagg/Personal/talia/test/services/user_profile_cache_service_test.dart: UserProfileCacheService preloadProfiles handles multiple user IDs
00:04 +118 -3: /Users/olagg/Personal/talia/test/services/user_profile_cache_service_test.dart: UserProfileCacheService preloadProfiles handles multiple user IDs
00:04 +119 -3: /Users/olagg/Personal/talia/test/services/accessibility_service_test.dart: AccessibilityService initializes with default values
00:04 +120 -3: /Users/olagg/Personal/talia/test/services/accessibility_service_test.dart: AccessibilityService setTextScale updates value within valid range
00:04 +121 -3: /Users/olagg/Personal/talia/test/services/accessibility_service_test.dart: AccessibilityService setHighContrast updates value
00:04 +122 -3: /Users/olagg/Personal/talia/test/services/accessibility_service_test.dart: AccessibilityService setReduceAnimations updates value
00:04 +123 -3: /Users/olagg/Personal/talia/test/services/accessibility_service_test.dart: AccessibilityService setBoldText updates value
00:04 +124 -3: /Users/olagg/Personal/talia/test/services/accessibility_service_test.dart: AccessibilityService getAnimationDuration returns zero when animations reduced
00:04 +125 -3: /Users/olagg/Personal/talia/test/services/accessibility_service_test.dart: AccessibilityService getAnimationDuration returns normal duration when animations enabled
00:04 +126 -3: /Users/olagg/Personal/talia/test/services/accessibility_service_test.dart: AccessibilityService applyAccessibility applies text scale
00:04 +127 -3: /Users/olagg/Personal/talia/test/services/accessibility_service_test.dart: AccessibilityService applyAccessibility applies bold text
00:04 +128 -3: /Users/olagg/Personal/talia/test/services/accessibility_service_test.dart: AccessibilityService hasGoodContrast detects good contrast
00:04 +129 -3: /Users/olagg/Personal/talia/test/services/accessibility_service_test.dart: AccessibilityService hasGoodContrast detects poor contrast
00:04 +130 -3: /Users/olagg/Personal/talia/test/services/accessibility_service_test.dart: AccessibilityService getHighContrastColors returns high contrast scheme
00:04 +131 -3: /Users/olagg/Personal/talia/test/services/accessibility_service_test.dart: AccessibilityService resetToDefaults restores all values
00:04 +132 -3: /Users/olagg/Personal/talia/test/services/accessibility_service_test.dart: AccessibilityService settings persist across instances
00:04 +133 -3: /Users/olagg/Personal/talia/test/services/notification_filter_test.dart: NotificationFilter - Tipo de Notificación Debe permitir notificación cuando el tipo está habilitado
00:04 +134 -3: /Users/olagg/Personal/talia/test/services/notification_filter_test.dart: NotificationFilter - Tipo de Notificación Debe bloquear notificación cuando el tipo está deshabilitado
00:04 +135 -3: /Users/olagg/Personal/talia/test/services/notification_filter_test.dart: NotificationFilter - Tipo de Notificación Debe SIEMPRE permitir notificaciones de emergencia
00:04 +136 -3: /Users/olagg/Personal/talia/test/services/notification_filter_test.dart: NotificationFilter - Do Not Disturb Debe bloquear cuando DND está activo
00:04 +137 -3: /Users/olagg/Personal/talia/test/services/notification_filter_test.dart: NotificationFilter - Do Not Disturb Debe permitir cuando el remitente está en excepciones
00:04 +138 -3: /Users/olagg/Personal/talia/test/services/notification_filter_test.dart: NotificationFilter - Configuración de Sonido Debe retornar configuración de sonido del usuario
00:04 +139 -3: /Users/olagg/Personal/talia/test/services/notification_filter_test.dart: NotificationFilter - Configuración de Sonido Debe usar valores por defecto si hay error
00:04 +140 -3: /Users/olagg/Personal/talia/test/services/notification_filter_test.dart: NotificationFilter - Fail-Safe Debe permitir notificación si hay error en verificación
00:04 +141 -3: /Users/olagg/Personal/talia/test/services/notification_filter_test.dart: 🚨 CRITICAL: NotificationFilter - Chat Current Filter 🔒 NO debe mostrar notificación si usuario está viendo el chat actual
00:04 +142 -3: /Users/olagg/Personal/talia/test/services/notification_filter_test.dart: 🚨 CRITICAL: NotificationFilter - Chat Current Filter ✅ SÍ debe mostrar notificación si es de un chat diferente
00:04 +143 -3: /Users/olagg/Personal/talia/test/services/notification_filter_test.dart: 🚨 CRITICAL: NotificationFilter - Chat Current Filter 🚨 EMERGENCIAS SIEMPRE se envían incluso en chat actual
00:04 +144 -3: /Users/olagg/Personal/talia/test/services/notification_filter_test.dart: 🚨 CRITICAL: NotificationFilter - Chat Current Filter ✅ SÍ debe mostrar notificación si no hay chat actual
00:05 +145 -3: /Users/olagg/Personal/talia/test/services/offline_queue_service_test.dart: OfflineQueueService initializes successfully
00:05 +146 -3: /Users/olagg/Personal/talia/test/services/offline_queue_service_test.dart: OfflineQueueService enqueueOperation adds operation to queue
00:05 +147 -3: /Users/olagg/Personal/talia/test/services/offline_queue_service_test.dart: OfflineQueueService multiple operations are queued correctly
00:05 +148 -3: /Users/olagg/Personal/talia/test/services/offline_queue_service_test.dart: OfflineQueueService getPendingOperations returns all operations
00:05 +149 -3: /Users/olagg/Personal/talia/test/services/offline_queue_service_test.dart: OfflineQueueService cancelOperation removes specific operation
00:05 +150 -3: /Users/olagg/Personal/talia/test/services/offline_queue_service_test.dart: OfflineQueueService clearQueue removes all operations
00:05 +151 -3: /Users/olagg/Personal/talia/test/services/offline_queue_service_test.dart: OfflineQueueService operations are prioritized correctly
00:05 +152 -3: /Users/olagg/Personal/talia/test/services/offline_queue_service_test.dart: OfflineQueueService operation contains required fields
00:05 +153 -3: /Users/olagg/Personal/talia/test/services/notification_preferences_test.dart: NotificationPreferencesService - Do Not Disturb Logic Debe detectar período DND en mismo día (10:00 - 12:00)
00:05 +154 -3: /Users/olagg/Personal/talia/test/services/notification_preferences_test.dart: NotificationPreferencesService - Do Not Disturb Logic Debe detectar fuera de período DND en mismo día
00:05 +155 -3: /Users/olagg/Personal/talia/test/services/notification_preferences_test.dart: NotificationPreferencesService - Do Not Disturb Logic Debe detectar período DND que cruza medianoche (22:00 - 07:00) - noche
00:05 +156 -3: /Users/olagg/Personal/talia/test/services/notification_preferences_test.dart: NotificationPreferencesService - Do Not Disturb Logic Debe detectar período DND que cruza medianoche (22:00 - 07:00) - madrugada
00:05 +157 -3: /Users/olagg/Personal/talia/test/services/notification_preferences_test.dart: NotificationPreferencesService - Do Not Disturb Logic Debe detectar fuera de período DND que cruza medianoche
00:05 +158 -3: /Users/olagg/Personal/talia/test/services/notification_preferences_test.dart: NotificationPreferencesService - Do Not Disturb Logic Debe manejar hora exacta de inicio
00:05 +159 -3: /Users/olagg/Personal/talia/test/services/notification_preferences_test.dart: NotificationPreferencesService - Do Not Disturb Logic Debe manejar hora exacta de fin (no incluida)
00:05 +160 -3: /Users/olagg/Personal/talia/test/services/notification_preferences_test.dart: NotificationPreferencesService - Parse Time Debe parsear correctamente formato HH:mm
00:05 +161 -3: /Users/olagg/Personal/talia/test/services/notification_preferences_test.dart: NotificationPreferencesService - Parse Time Debe parsear correctamente con ceros a la izquierda
00:05 +162 -3: /Users/olagg/Personal/talia/test/services/notification_preferences_test.dart: NotificationPreferencesService - Default Preferences Debe retornar preferencias por defecto correctas
00:05 +163 -3: /Users/olagg/Personal/talia/test/services/video_call_validation_test.dart: VideoCall Validation Tests (setUpAll)
00:05 +163 -3: /Users/olagg/Personal/talia/test/services/video_call_validation_test.dart: VideoCall Validation Tests Contact Approval Validation 🚫 DEBE rechazar llamada a contacto NO aprobado
00:05 +164 -3: /Users/olagg/Personal/talia/test/services/video_call_validation_test.dart: VideoCall Validation Tests Contact Approval Validation ✅ DEBE permitir llamada a contacto aprobado
00:05 +165 -3: /Users/olagg/Personal/talia/test/services/video_call_validation_test.dart: VideoCall Validation Tests Contact Approval Validation 🚫 DEBE rechazar llamada a contacto bloqueado (incluso si está aprobado)
00:05 +166 -3: /Users/olagg/Personal/talia/test/services/video_call_validation_test.dart: VideoCall Validation Tests Contact Approval Validation ✅ ADULTOS pueden llamar a cualquier usuario (sin restricciones)
00:05 +167 -3: /Users/olagg/Personal/talia/test/services/video_call_validation_test.dart: VideoCall Validation Tests Android Permissions Validation 🎙️ DEBE pedir permiso de micrófono antes de audio call en Android
00:05 +168 -3: /Users/olagg/Personal/talia/test/services/video_call_validation_test.dart: VideoCall Validation Tests Android Permissions Validation 📹 DEBE pedir permisos de micrófono Y cámara antes de video call en Android
00:05 +169 -3: /Users/olagg/Personal/talia/test/services/video_call_validation_test.dart: VideoCall Validation Tests Android Permissions Validation ✅ NO debe pedir permisos si ya están concedidos en Android
00:05 +170 -3: /Users/olagg/Personal/talia/test/services/video_call_validation_test.dart: VideoCall Validation Tests Android Permissions Validation 🍎 iOS NO debe solicitar permisos manualmente (CallKit los maneja)
00:05 +171 -3: /Users/olagg/Personal/talia/test/services/video_call_validation_test.dart: VideoCall Validation Tests Android Permissions Validation 🔄 DEBE solicitar permisos nuevamente si fueron revocados en Android
00:05 +172 -3: /Users/olagg/Personal/talia/test/services/video_call_validation_test.dart: VideoCall Validation Tests Call Concurrency Validation 🔄 DEBE rechazar segunda llamada si ya hay una activa (ocupado)
00:05 +173 -3: /Users/olagg/Personal/talia/test/services/video_call_validation_test.dart: VideoCall Validation Tests Call Concurrency Validation ✅ DEBE permitir llamada si el usuario NO está ocupado
00:05 +174 -3: /Users/olagg/Personal/talia/test/services/video_call_validation_test.dart: VideoCall Validation Tests Call Concurrency Validation 📞 DEBE marcar usuario como ocupado al iniciar llamada
00:05 +175 -3: /Users/olagg/Personal/talia/test/services/story_service_refactored_test.dart: StoryService Refactored - API Compatibility Tests 1. Basic API Compatibility StoryService sigue siendo singleton
00:05 +176 -3: /Users/olagg/Personal/talia/test/services/story_service_refactored_test.dart: StoryService Refactored - API Compatibility Tests 1. Basic API Compatibility StoryService sigue siendo singleton
00:05 +177 -3: /Users/olagg/Personal/talia/test/services/story_service_refactored_test.dart: StoryService Refactored - API Compatibility Tests 1. Basic API Compatibility getCachedStories retorna lista no-null
00:05 +178 -3: /Users/olagg/Personal/talia/test/services/story_service_refactored_test.dart: StoryService Refactored - API Compatibility Tests 1. Basic API Compatibility getStoriesFromWhitelist retorna stream válido
00:05 +179 -3: /Users/olagg/Personal/talia/test/services/story_service_refactored_test.dart: StoryService Refactored - API Compatibility Tests 1. Basic API Compatibility storiesFromCache es stream válido
00:05 +180 -3: /Users/olagg/Personal/talia/test/services/story_service_refactored_test.dart: StoryService Refactored - API Compatibility Tests 2. Method Signatures Compatibility createStory acepta parámetros esperados
00:05 +181 -3: /Users/olagg/Personal/talia/test/services/story_service_refactored_test.dart: StoryService Refactored - API Compatibility Tests 2. Method Signatures Compatibility approveStory acepta message opcional
00:05 +182 -3: /Users/olagg/Personal/talia/test/services/story_service_refactored_test.dart: StoryService Refactored - API Compatibility Tests 2. Method Signatures Compatibility rejectStory acepta reason opcional
00:05 +183 -3: /Users/olagg/Personal/talia/test/services/story_service_refactored_test.dart: StoryService Refactored - API Compatibility Tests 2. Method Signatures Compatibility replyToStory acepta parámetros opcionales
00:05 +184 -3: /Users/olagg/Personal/talia/test/services/story_service_refactored_test.dart: StoryService Refactored - API Compatibility Tests 3. Stream Methods Compatibility getPendingStoriesForParent retorna stream
00:05 +185 -3: /Users/olagg/Personal/talia/test/services/story_service_refactored_test.dart: StoryService Refactored - API Compatibility Tests 3. Stream Methods Compatibility getApprovedStoriesForParent retorna stream
00:05 +186 -3: /Users/olagg/Personal/talia/test/services/story_service_refactored_test.dart: StoryService Refactored - API Compatibility Tests 3. Stream Methods Compatibility getRejectedStoriesForParent retorna stream
00:05 +187 -3: /Users/olagg/Personal/talia/test/services/story_service_refactored_test.dart: StoryService Refactored - API Compatibility Tests 3. Stream Methods Compatibility getPendingStoriesForParentByChild acepta childId
00:05 +188 -3: /Users/olagg/Personal/talia/test/services/story_service_refactored_test.dart: StoryService Refactored - API Compatibility Tests 4. Lifecycle Methods Compatibility startBackgroundCacheUpdates se puede llamar
00:05 +189 -3: /Users/olagg/Personal/talia/test/services/story_service_refactored_test.dart: StoryService Refactored - API Compatibility Tests 4. Lifecycle Methods Compatibility stopBackgroundCacheUpdates se puede llamar
00:05 +190 -3: /Users/olagg/Personal/talia/test/services/story_service_refactored_test.dart: StoryService Refactored - API Compatibility Tests 4. Lifecycle Methods Compatibility cleanupExpiredStories se puede llamar
00:05 +191 -3: /Users/olagg/Personal/talia/test/services/story_service_refactored_test.dart: StoryService Refactored - API Compatibility Tests 5. Compatibility Properties isBackgroundStreamActive es boolean
00:05 +192 -3: /Users/olagg/Personal/talia/test/services/story_service_refactored_test.dart: StoryService Refactored - API Compatibility Tests 5. Compatibility Properties isUsingNewArchitecture retorna true
00:05 +193 -3: /Users/olagg/Personal/talia/test/services/story_service_refactored_test.dart: StoryService Refactored - API Compatibility Tests 5. Compatibility Properties implementationVersion es string válido
00:05 +194 -3: /Users/olagg/Personal/talia/test/services/story_service_refactored_test.dart: StoryService Refactored - API Compatibility Tests 6. Performance & Metrics getPerformanceMetrics retorna map válido
00:05 +195 -3: /Users/olagg/Personal/talia/test/services/story_service_refactored_test.dart: StoryService Refactored - API Compatibility Tests 6. Performance & Metrics forceRefreshCache se puede llamar
00:05 +196 -3: /Users/olagg/Personal/talia/test/services/story_service_refactored_test.dart: StoryService Refactored - API Compatibility Tests 7. Advanced Methods Compatibility getCurrentUserStories retorna Future<UserStories?>
00:05 +197 -3: /Users/olagg/Personal/talia/test/services/story_service_refactored_test.dart: StoryService Refactored - API Compatibility Tests 7. Advanced Methods Compatibility getUserStories retorna Future<List<Story>>
00:05 +198 -3: /Users/olagg/Personal/talia/test/services/story_service_refactored_test.dart: StoryService Refactored - API Compatibility Tests 7. Advanced Methods Compatibility getChildrenStoriesForParent retorna Future<List<UserStories>>
00:05 +199 -3: /Users/olagg/Personal/talia/test/services/story_service_refactored_test.dart: StoryService Refactored - API Compatibility Tests 8. New Architecture Access orchestrator es accesible
00:05 +200 -3: /Users/olagg/Personal/talia/test/services/story_service_refactored_test.dart: StoryService Refactored - API Compatibility Tests 8. New Architecture Access dispose se puede llamar
00:05 +201 -3: /Users/olagg/Personal/talia/test/services/story_service_refactored_test.dart: Mock-Based Baseline Tests BASELINE: StoryService mock funciona
00:05 +202 -3: /Users/olagg/Personal/talia/test/services/story_service_refactored_test.dart: Mock-Based Baseline Tests BASELINE: getCachedStories mock retorna lista
00:05 +203 -3: /Users/olagg/Personal/talia/test/services/story_service_refactored_test.dart: Mock-Based Baseline Tests BASELINE: getStoriesFromWhitelist mock retorna stream
00:05 +204 -3: /Users/olagg/Personal/talia/test/services/story_service_refactored_test.dart: Mock-Based Baseline Tests BASELINE: storiesFromCache mock es stream válido
00:05 +205 -3: /Users/olagg/Personal/talia/test/services/stories/block_service_integration_test.dart: Block Service Integration Tests (setUpAll)
00:05 +205 -3: /Users/olagg/Personal/talia/test/services/stories/block_service_integration_test.dart: Block Service Integration Tests Complete integration: Block contact and stories disappear automatically
[MediaPreload] ✅ StoryMediaPreloadService inicializado
[MediaPreload] 📱 Precargando 2 historias detectadas en cache
❌ [MediaPreload] ❌ Error precargando historia user1_story_0: RangeError (end): Invalid value: Not in inclusive range 0..29: 50
❌ [MediaPreload] ❌ Error precargando historia user2_story_0: RangeError (end): Invalid value: Not in inclusive range 0..29: 50
[MediaPreload] 🧹 StoryMediaPreloadService disposed
00:06 +206 -3: /Users/olagg/Personal/talia/test/services/stories/block_service_integration_test.dart: Block Service Integration Tests Complete integration: Unblock contact triggers refresh
[MediaPreload] ✅ StoryMediaPreloadService inicializado
[MediaPreload] 📱 Precargando 1 historias detectadas en cache
❌ [MediaPreload] ❌ Error precargando historia user2_story_0: RangeError (end): Invalid value: Not in inclusive range 0..29: 50
[MediaPreload] 🧹 StoryMediaPreloadService disposed
00:06 +207 -3: /Users/olagg/Personal/talia/test/services/stories/block_service_integration_test.dart: Block Service Integration Tests BlockService integration: Cache notifications work correctly
[MediaPreload] ✅ StoryMediaPreloadService inicializado
[MediaPreload] 🧹 StoryMediaPreloadService disposed
00:06 +208 -3: /Users/olagg/Personal/talia/test/services/stories/block_service_integration_test.dart: Block Service Integration Tests Real-world simulation: Multiple block/unblock operations
[MediaPreload] ✅ StoryMediaPreloadService inicializado
[MediaPreload] 📱 Precargando 3 historias detectadas en cache
❌ [MediaPreload] ❌ Error precargando historia alice_story_0: RangeError (end): Invalid value: Not in inclusive range 0..29: 50
❌ [MediaPreload] ❌ Error precargando historia bob_story_0: RangeError (end): Invalid value: Not in inclusive range 0..29: 50
❌ [MediaPreload] ❌ Error precargando historia charlie_story_0: RangeError (end): Invalid value: Not in inclusive range 0..29: 50
[MediaPreload] 🧹 StoryMediaPreloadService disposed
00:06 +209 -3: /Users/olagg/Personal/talia/test/services/stories/stream_deadlock_prevention_test.dart: Stream Deadlock Prevention Tests (setUpAll)
00:06 +209 -3: /Users/olagg/Personal/talia/test/services/stories/automatic_refresh_on_block_test.dart: Automatic Refresh on Block Status Change Tests (setUpAll)
00:06 +209 -3: /Users/olagg/Personal/talia/test/services/stories/stream_deadlock_prevention_test.dart: Stream Deadlock Prevention Tests StoryRepository Stream Deadlock Prevention getByUserIdsStream: No debe usar await stream.first
[MediaPreload] ✅ StoryMediaPreloadService inicializado
00:06 +210 -3: /Users/olagg/Personal/talia/test/services/stories/automatic_refresh_on_block_test.dart: Automatic Refresh on Block Status Change Tests (setUpAll)
00:06 +210 -3: /Users/olagg/Personal/talia/test/services/stories/stream_deadlock_prevention_test.dart: Stream Deadlock Prevention Tests StoryRepository Stream Deadlock Prevention getByUserIdsStream: Maneja lista vacía sin deadlock
[MediaPreload] ✅ StoryMediaPreloadService inicializado
00:06 +211 -3: /Users/olagg/Personal/talia/test/services/stories/automatic_refresh_on_block_test.dart: Automatic Refresh on Block Status Change Tests Automatic refresh: Stories removed when user is blocked
[MediaPreload] ✅ StoryMediaPreloadService inicializado
00:06 +211 -3: /Users/olagg/Personal/talia/test/services/stories/stream_deadlock_prevention_test.dart: Stream Deadlock Prevention Tests StoryRepository Stream Deadlock Prevention getByUserIdsStream: Stream directo sin combinaciones complejas
[MediaPreload] ✅ StoryMediaPreloadService inicializado
00:06 +211 -3: /Users/olagg/Personal/talia/test/services/stories/automatic_refresh_on_block_test.dart: Automatic Refresh on Block Status Change Tests Automatic refresh: Stories removed when user is blocked
[MediaPreload] 📱 Precargando 2 historias detectadas en cache
❌ [MediaPreload] ❌ Error precargando historia user1_story_0: RangeError (end): Invalid value: Not in inclusive range 0..29: 50
❌ [MediaPreload] ❌ Error precargando historia user2_story_0: RangeError (end): Invalid value: Not in inclusive range 0..29: 50
00:06 +212 -3: /Users/olagg/Personal/talia/test/services/stories/automatic_refresh_on_block_test.dart: Automatic Refresh on Block Status Change Tests Automatic refresh: Stories removed when user is blocked
00:06 +212 -3: /Users/olagg/Personal/talia/test/services/stories/stream_deadlock_prevention_test.dart: Stream Deadlock Prevention Tests StoryStreamManager Stream Deadlock Prevention getStoriesFromWhitelist: No debe hacer await stream.first
[MediaPreload] ✅ StoryMediaPreloadService inicializado
00:06 +213 -3: /Users/olagg/Personal/talia/test/services/stories/automatic_refresh_on_block_test.dart: Automatic Refresh on Block Status Change Tests Automatic refresh: Stories removed when user is blocked
00:06 +213 -3: /Users/olagg/Personal/talia/test/services/stories/stream_deadlock_prevention_test.dart: Stream Deadlock Prevention Tests StoryStreamManager Stream Deadlock Prevention _createChunkedFirestoreStream: Usa stream directo sin combinar
[MediaPreload] ✅ StoryMediaPreloadService inicializado
00:06 +214 -3: /Users/olagg/Personal/talia/test/services/stories/automatic_refresh_on_block_test.dart: Automatic Refresh on Block Status Change Tests Automatic refresh: Stories removed when user is blocked
00:06 +214 -3: /Users/olagg/Personal/talia/test/services/stories/stream_deadlock_prevention_test.dart: Stream Deadlock Prevention Tests StoryStreamManager Stream Deadlock Prevention filterStoriesByVisibilityRules: Funciona sin bloqueos async
[MediaPreload] ✅ StoryMediaPreloadService inicializado
00:06 +215 -3: /Users/olagg/Personal/talia/test/services/stories/automatic_refresh_on_block_test.dart: Automatic Refresh on Block Status Change Tests Automatic refresh: Stories removed when user is blocked
00:06 +215 -3: /Users/olagg/Personal/talia/test/services/stories/stream_deadlock_prevention_test.dart: Stream Deadlock Prevention Tests Anti-Patterns Detection Verificar que no hay await stream.first en el código
[MediaPreload] ✅ StoryMediaPreloadService inicializado
00:06 +216 -3: /Users/olagg/Personal/talia/test/services/stories/automatic_refresh_on_block_test.dart: Automatic Refresh on Block Status Change Tests Automatic refresh: Stories removed when user is blocked
00:06 +216 -3: /Users/olagg/Personal/talia/test/services/stories/stream_deadlock_prevention_test.dart: Stream Deadlock Prevention Tests Anti-Patterns Detection Stream combinations: Evitar await stream.first deadlocks
[MediaPreload] ✅ StoryMediaPreloadService inicializado
00:06 +216 -3: /Users/olagg/Personal/talia/test/services/stories/automatic_refresh_on_block_test.dart: Automatic Refresh on Block Status Change Tests Automatic refresh: Stories removed when user is blocked
[MediaPreload] 🧹 StoryMediaPreloadService disposed
00:06 +217 -3: /Users/olagg/Personal/talia/test/services/stories/stream_deadlock_prevention_test.dart: Stream Deadlock Prevention Tests Anti-Patterns Detection Stream combinations: Evitar await stream.first deadlocks
00:06 +217 -3: /Users/olagg/Personal/talia/test/services/stories/automatic_refresh_on_block_test.dart: Automatic Refresh on Block Status Change Tests Automatic refresh: Stories restored when user is unblocked
[MediaPreload] ✅ StoryMediaPreloadService inicializado
[MediaPreload] 📱 Precargando 1 historias detectadas en cache
❌ [MediaPreload] ❌ Error precargando historia user2_story_0: RangeError (end): Invalid value: Not in inclusive range 0..29: 50
[MediaPreload] 🧹 StoryMediaPreloadService disposed
00:06 +218 -3: /Users/olagg/Personal/talia/test/services/stories/stream_deadlock_prevention_test.dart: Stream Deadlock Prevention Tests Anti-Patterns Detection Stream combinations: Evitar await stream.first deadlocks
00:06 +218 -3: /Users/olagg/Personal/talia/test/services/stories/automatic_refresh_on_block_test.dart: Automatic Refresh on Block Status Change Tests Block status change stream: Events are emitted correctly
[MediaPreload] ✅ StoryMediaPreloadService inicializado
[MediaPreload] 🧹 StoryMediaPreloadService disposed
00:06 +219 -3: /Users/olagg/Personal/talia/test/services/stories/stream_deadlock_prevention_test.dart: Stream Deadlock Prevention Tests Anti-Patterns Detection Stream combinations: Evitar await stream.first deadlocks
00:06 +219 -3: /Users/olagg/Personal/talia/test/services/stories/automatic_refresh_on_block_test.dart: Automatic Refresh on Block Status Change Tests Bidirectional blocking: Both users receive block notifications
[MediaPreload] ✅ StoryMediaPreloadService inicializado
[MediaPreload] 🧹 StoryMediaPreloadService disposed
00:06 +220 -3: /Users/olagg/Personal/talia/test/services/stories/stream_deadlock_prevention_test.dart: Stream Deadlock Prevention Tests Anti-Patterns Detection Stream combinations: Evitar await stream.first deadlocks
00:06 +220 -3: /Users/olagg/Personal/talia/test/services/stories/automatic_refresh_on_block_test.dart: Automatic Refresh on Block Status Change Tests StoryCacheManager: removeStoriesByUserId works correctly
[MediaPreload] ✅ StoryMediaPreloadService inicializado
[MediaPreload] 📱 Precargando 3 historias detectadas en cache
❌ [MediaPreload] ❌ Error precargando historia user1_story_0: RangeError (end): Invalid value: Not in inclusive range 0..29: 50
❌ [MediaPreload] ❌ Error precargando historia user2_story_0: RangeError (end): Invalid value: Not in inclusive range 0..29: 50
❌ [MediaPreload] ❌ Error precargando historia user3_story_0: RangeError (end): Invalid value: Not in inclusive range 0..29: 50
[MediaPreload] 🧹 StoryMediaPreloadService disposed
00:06 +221 -3: /Users/olagg/Personal/talia/test/services/stories/stream_deadlock_prevention_test.dart: Stream Deadlock Prevention Tests Anti-Patterns Detection Stream combinations: Evitar await stream.first deadlocks
00:06 +221 -3: /Users/olagg/Personal/talia/test/services/stories/automatic_refresh_on_block_test.dart: Automatic Refresh on Block Status Change Tests Parent-child cache: Invalidation is granular for blocked user
[MediaPreload] ✅ StoryMediaPreloadService inicializado
[MediaPreload] 🧹 StoryMediaPreloadService disposed
00:06 +222 -3: /Users/olagg/Personal/talia/test/services/stories/stream_deadlock_prevention_test.dart: Stream Deadlock Prevention Tests Anti-Patterns Detection Stream combinations: Evitar await stream.first deadlocks
00:06 +223 -3: /Users/olagg/Personal/talia/test/services/stories/stream_deadlock_prevention_test.dart: Stream Deadlock Prevention Tests Performance Under Load Multiple concurrent streams: Sin deadlocks bajo carga
[MediaPreload] ✅ StoryMediaPreloadService inicializado
00:06 +224 -3: /Users/olagg/Personal/talia/test/services/stories/stream_deadlock_prevention_test.dart: Stream Deadlock Prevention Tests Performance Under Load Rapid successive calls: No accumula deadlocks
[MediaPreload] ✅ StoryMediaPreloadService inicializado
00:06 +225 -3: /Users/olagg/Personal/talia/test/services/stories/stream_deadlock_prevention_test.dart: Stream Deadlock Prevention Tests (tearDownAll)
00:06 +225 -3: /Users/olagg/Personal/talia/test/services/stories/user_blocking_test.dart: User Blocking Tests (setUpAll)
00:07 +225 -3: /Users/olagg/Personal/talia/test/services/stories/user_blocking_test.dart: User Blocking Tests Story Visibility with Blocking Usuario bloqueado no debe ver historias del bloqueador
[MediaPreload] ✅ StoryMediaPreloadService inicializado
[MediaPreload] ✅ StoryMediaPreloadService inicializado
00:07 +226 -3: /Users/olagg/Personal/talia/test/services/stories/user_blocking_test.dart: User Blocking Tests Story Visibility with Blocking Usuario bloqueador no debe ver historias del bloqueado
[MediaPreload] ✅ StoryMediaPreloadService inicializado
[MediaPreload] ✅ StoryMediaPreloadService inicializado
00:07 +227 -3: /Users/olagg/Personal/talia/test/services/stories/user_blocking_test.dart: User Blocking Tests Story Visibility with Blocking Usuarios no bloqueados pueden ver historias normalmente
[MediaPreload] ✅ StoryMediaPreloadService inicializado
[MediaPreload] ✅ StoryMediaPreloadService inicializado
00:07 +228 -3: /Users/olagg/Personal/talia/test/services/stories/user_blocking_test.dart: User Blocking Tests Story Visibility with Blocking Bloqueo mutuo: Ambos usuarios no pueden ver historias del otro
[MediaPreload] ✅ StoryMediaPreloadService inicializado
[MediaPreload] ✅ StoryMediaPreloadService inicializado
[MediaPreload] ✅ StoryMediaPreloadService inicializado
00:07 +229 -3: /Users/olagg/Personal/talia/test/services/stories/user_blocking_test.dart: User Blocking Tests Story Visibility with Blocking Bloqueo padre-hijo: Hijo bloqueado no ve historias del padre
[MediaPreload] ✅ StoryMediaPreloadService inicializado
[MediaPreload] ✅ StoryMediaPreloadService inicializado
00:07 +230 -3: /Users/olagg/Personal/talia/test/services/stories/user_blocking_test.dart: User Blocking Tests Block Status Validation isUserBlocked: Detecta correctamente usuarios bloqueados
[MediaPreload] ✅ StoryMediaPreloadService inicializado
00:07 +231 -3: /Users/olagg/Personal/talia/test/services/stories/user_blocking_test.dart: User Blocking Tests Block Status Validation Performance: Bloqueos no afectan rendimiento con muchos usuarios
[MediaPreload] ✅ StoryMediaPreloadService inicializado
00:07 +232 -3: /Users/olagg/Personal/talia/test/services/stories/user_blocking_test.dart: User Blocking Tests (tearDownAll)
00:07 +232 -3: /Users/olagg/Personal/talia/test/services/stories/batch_optimization_integration_test.dart: Batch Optimization Integration Tests (setUpAll)
00:07 +233 -3: /Users/olagg/Personal/talia/test/services/stories/batch_optimization_integration_test.dart: Batch Optimization Integration Tests (setUpAll)
00:07 +234 -3: /Users/olagg/Personal/talia/test/services/stories/batch_optimization_integration_test.dart: Batch Optimization Integration Tests (setUpAll)
00:07 +235 -3: /Users/olagg/Personal/talia/test/services/stories/batch_optimization_integration_test.dart: Batch Optimization Integration Tests (setUpAll)
00:07 +236 -3: /Users/olagg/Personal/talia/test/services/stories/batch_optimization_integration_test.dart: Batch Optimization Integration Tests (setUpAll)
00:07 +237 -3: /Users/olagg/Personal/talia/test/services/stories/batch_optimization_integration_test.dart: Batch Optimization Integration Tests (setUpAll)
00:07 +238 -3: /Users/olagg/Personal/talia/test/services/stories/batch_optimization_integration_test.dart: Batch Optimization Integration Tests (setUpAll)
00:07 +239 -3: /Users/olagg/Personal/talia/test/services/stories/batch_optimization_integration_test.dart: Batch Optimization Integration Tests (setUpAll)
00:07 +240 -3: /Users/olagg/Personal/talia/test/services/stories/batch_optimization_integration_test.dart: Batch Optimization Integration Tests (setUpAll)
00:07 +241 -3: /Users/olagg/Personal/talia/test/services/stories/batch_optimization_integration_test.dart: Batch Optimization Integration Tests (setUpAll)
00:07 +242 -3: /Users/olagg/Personal/talia/test/services/stories/batch_optimization_integration_test.dart: Batch Optimization Integration Tests (setUpAll)
00:07 +243 -3: /Users/olagg/Personal/talia/test/services/stories/batch_optimization_integration_test.dart: Batch Optimization Integration Tests (setUpAll)
00:07 +244 -3: /Users/olagg/Personal/talia/test/services/stories/batch_optimization_integration_test.dart: Batch Optimization Integration Tests (setUpAll)
00:07 +245 -3: /Users/olagg/Personal/talia/test/services/stories/batch_optimization_integration_test.dart: Batch Optimization Integration Tests (setUpAll)
00:07 +246 -3: /Users/olagg/Personal/talia/test/services/stories/batch_optimization_integration_test.dart: Batch Optimization Integration Tests (setUpAll)
00:07 +246 -3: /Users/olagg/Personal/talia/test/services/stories/batch_optimization_integration_test.dart: Batch Optimization Integration Tests getBatchLinkedParents: Basic functionality test
[MediaPreload] ✅ StoryMediaPreloadService inicializado
00:07 +247 -3: /Users/olagg/Personal/talia/test/services/stories/batch_optimization_integration_test.dart: Batch Optimization Integration Tests getBatchLinkedParents: Handles duplicates correctly
[MediaPreload] ✅ StoryMediaPreloadService inicializado
00:07 +248 -3: /Users/olagg/Personal/talia/test/services/stories/batch_optimization_integration_test.dart: Batch Optimization Integration Tests StoryStreamManager: Uses batch optimization for filtering
[MediaPreload] ✅ StoryMediaPreloadService inicializado
00:07 +249 -3: /Users/olagg/Personal/talia/test/services/stories/batch_optimization_integration_test.dart: Batch Optimization Integration Tests Performance metrics: Cache is working correctly
[MediaPreload] ✅ StoryMediaPreloadService inicializado
00:07 +250 -3: /Users/olagg/Personal/talia/test/services/stories/batch_optimization_integration_test.dart: Batch Optimization Integration Tests Error handling: Graceful degradation on Firebase errors
[MediaPreload] ✅ StoryMediaPreloadService inicializado
00:07 +251 -3: /Users/olagg/Personal/talia/test/services/stories/batch_optimization_integration_test.dart: Batch Optimization Integration Tests Batch vs Individual: Verify optimization is being used
[MediaPreload] ✅ StoryMediaPreloadService inicializado
00:07 +252 -3: /Users/olagg/Personal/talia/test/services/stories/batch_optimization_integration_test.dart: Batch Optimization Integration Tests Cache invalidation: Works correctly
[MediaPreload] ✅ StoryMediaPreloadService inicializado
00:07 +253 -3: /Users/olagg/Personal/talia/test/services/stories/batch_optimization_integration_test.dart: Batch Optimization Integration Tests (tearDownAll)
00:07 +253 -3: /Users/olagg/Personal/talia/test/services/stories/story_reply_cloud_function_test.dart: Story Reply Cloud Function Tests (setUpAll)
00:07 +253 -3: /Users/olagg/Personal/talia/test/services/stories/story_reply_cloud_function_test.dart: Story Reply Cloud Function Tests Cloud Function Call Validation replyToStory: Llama correctamente Cloud Function con parámetros
00:07 +254 -3: /Users/olagg/Personal/talia/test/services/stories/story_reply_cloud_function_test.dart: Story Reply Cloud Function Tests Cloud Function Call Validation replyToStory: Incluye media cuando se proporciona
00:07 +255 -3: /Users/olagg/Personal/talia/test/services/stories/story_reply_cloud_function_test.dart: Story Reply Cloud Function Tests Cloud Function Call Validation replyToStory: Genera localId único para cada llamada
00:07 +256 -3: /Users/olagg/Personal/talia/test/services/stories/story_reply_cloud_function_test.dart: Story Reply Cloud Function Tests Cloud Function Call Validation replyToStory: Trimea el texto de respuesta
00:07 +257 -3: /Users/olagg/Personal/talia/test/services/stories/story_reply_cloud_function_test.dart: Story Reply Cloud Function Tests Error Handling replyToStory: Maneja error de permisos permission-denied
00:07 +258 -3: /Users/olagg/Personal/talia/test/services/stories/story_reply_cloud_function_test.dart: Story Reply Cloud Function Tests Error Handling replyToStory: Maneja error not-found
00:07 +259 -3: /Users/olagg/Personal/talia/test/services/stories/story_reply_cloud_function_test.dart: Story Reply Cloud Function Tests Error Handling replyToStory: Maneja error invalid-argument
00:07 +260 -3: /Users/olagg/Personal/talia/test/services/stories/story_reply_cloud_function_test.dart: Story Reply Cloud Function Tests Error Handling replyToStory: Maneja errores genéricos
00:07 +261 -3: /Users/olagg/Personal/talia/test/services/stories/story_reply_cloud_function_test.dart: Story Reply Cloud Function Tests Error Handling replyToStory: Cloud Function falló con success: false
00:07 +262 -3: /Users/olagg/Personal/talia/test/services/stories/story_reply_cloud_function_test.dart: Story Reply Cloud Function Tests Copy Media Reply Flow replyWithCopiedMedia: Llama Cloud Function directamente con URL copiada
00:07 +263 -3: /Users/olagg/Personal/talia/test/services/stories/story_reply_cloud_function_test.dart: Story Reply Cloud Function Tests Integration Flow Validation Complete flow: Upload media -> Cloud Function -> Success
00:07 +264 -3: /Users/olagg/Personal/talia/test/services/stories/story_reply_cloud_function_test.dart: Story Reply Cloud Function Tests Integration Flow Validation Authentication validation: Usuario no autenticado
00:07 +265 -3: /Users/olagg/Personal/talia/test/services/stories/story_reply_cloud_function_test.dart: Story Reply Cloud Function Tests Performance & Edge Cases Multiple concurrent replies: No interfieren entre sí
00:07 +266 -3: /Users/olagg/Personal/talia/test/services/stories/story_reply_cloud_function_test.dart: Story Reply Cloud Function Tests Performance & Edge Cases Empty and whitespace text handling
00:07 +267 -3: /Users/olagg/Personal/talia/test/services/stories/story_reply_cloud_function_test.dart: Story Reply Cloud Function Tests Performance & Edge Cases Very long reply text: Se envía completo
00:07 +268 -3: /Users/olagg/Personal/talia/test/services/stories/story_reply_cloud_function_test.dart: Story Reply Cloud Function Tests (tearDownAll)
00:08 +268 -3: /Users/olagg/Personal/talia/test/services/stories/story_reply_security_test.dart: Story Reply Security Validation Tests Authentication Security SECURITY: Rechaza usuarios no autenticados
00:08 +269 -3: /Users/olagg/Personal/talia/test/services/stories/story_reply_security_test.dart: Story Reply Security Validation Tests Authentication Security SECURITY: Valida AppCheck token
00:08 +270 -3: /Users/olagg/Personal/talia/test/services/stories/story_reply_security_test.dart: Story Reply Security Validation Tests Input Validation Security SECURITY: Rechaza storyId faltante
00:08 +271 -3: /Users/olagg/Personal/talia/test/services/stories/story_reply_security_test.dart: Story Reply Security Validation Tests Input Validation Security SECURITY: Rechaza texto vacío
00:08 +272 -3: /Users/olagg/Personal/talia/test/services/stories/story_reply_security_test.dart: Story Reply Security Validation Tests Permission Validation Security SECURITY: Valida existencia de historia
00:08 +273 -3: /Users/olagg/Personal/talia/test/services/stories/story_reply_security_test.dart: Story Reply Security Validation Tests Permission Validation Security SECURITY: Previene auto-respuesta
00:08 +274 -3: /Users/olagg/Personal/talia/test/services/stories/story_reply_security_test.dart: Story Reply Security Validation Tests Permission Validation Security SECURITY: Solo historias aprobadas son respondibles
00:08 +275 -3: /Users/olagg/Personal/talia/test/services/stories/story_reply_security_test.dart: Story Reply Security Validation Tests Permission Validation Security SECURITY: Valida expiración de historia (24h)
00:08 +276 -3: /Users/olagg/Personal/talia/test/services/stories/story_reply_security_test.dart: Story Reply Security Validation Tests Relationship Security SECURITY: Valida relación de contacto aprobada
00:08 +277 -3: /Users/olagg/Personal/talia/test/services/stories/story_reply_security_test.dart: Story Reply Security Validation Tests Relationship Security SECURITY: Valida que usuario no esté bloqueado
00:08 +278 -3: /Users/olagg/Personal/talia/test/services/stories/story_reply_security_test.dart: Story Reply Security Validation Tests Relationship Security SECURITY: Validación bidireccional de bloqueo
00:08 +279 -3: /Users/olagg/Personal/talia/test/services/stories/story_reply_security_test.dart: Story Reply Security Validation Tests Data Security SECURITY: Información sensible no se expone en logs
00:08 +280 -3: /Users/olagg/Personal/talia/test/services/stories/story_reply_security_test.dart: Story Reply Security Validation Tests Data Security SECURITY: Validación de tipos de media
00:08 +281 -3: /Users/olagg/Personal/talia/test/services/stories/story_reply_security_test.dart: Story Reply Security Validation Tests Server-side Security Enforcement SECURITY: Todas las validaciones ocurren server-side
00:08 +282 -3: /Users/olagg/Personal/talia/test/services/stories/story_reply_security_test.dart: Story Reply Security Validation Tests Server-side Security Enforcement SECURITY: Moderación automática garantizada
00:08 +283 -3: /Users/olagg/Personal/talia/test/services/stories/story_reply_security_test.dart: Story Reply Security Validation Tests Server-side Security Enforcement SECURITY: Rate limiting por región
00:08 +284 -3: /Users/olagg/Personal/talia/test/services/stories/story_reply_security_test.dart: Story Reply Security Validation Tests Error Handling Security SECURITY: Errores específicos vs información disclosure
00:08 +285 -3: /Users/olagg/Personal/talia/test/services/stories/story_reply_security_test.dart: Story Reply Security Validation Tests Error Handling Security SECURITY: Re-throw de HttpsError preserva clasificación
00:08 +286 -3: /Users/olagg/Personal/talia/test/services/stories/story_reply_security_test.dart: Story Reply Security Validation Tests SECURITY SUMMARY: All attack vectors covered
00:08 +287 -3: /Users/olagg/Personal/talia/test/services/stories/story_approval_service_test.dart: StoryApprovalService Cloud Functions Tests (setUpAll)
00:08 +287 -3: /Users/olagg/Personal/talia/test/services/stories/story_approval_service_test.dart: StoryApprovalService Cloud Functions Tests approveStory: Debe manejar respuesta exitosa
[MediaPreload] ✅ StoryMediaPreloadService inicializado
00:08 +288 -3: /Users/olagg/Personal/talia/test/services/stories/story_approval_service_test.dart: StoryApprovalService Cloud Functions Tests rejectStory: Debe manejar respuesta exitosa
[MediaPreload] ✅ StoryMediaPreloadService inicializado
00:08 +289 -3: /Users/olagg/Personal/talia/test/services/stories/story_approval_service_test.dart: StoryApprovalService Cloud Functions Tests approveStory: Debe manejar respuesta con mensaje
[MediaPreload] ✅ StoryMediaPreloadService inicializado
00:08 +290 -3: /Users/olagg/Personal/talia/test/services/stories/story_approval_service_test.dart: StoryApprovalService Cloud Functions Tests rejectStory: Debe manejar respuesta con razón
[MediaPreload] ✅ StoryMediaPreloadService inicializado
00:08 +291 -3: /Users/olagg/Personal/talia/test/services/stories/story_approval_service_test.dart: StoryApprovalService Cloud Functions Tests (tearDownAll)
00:08 +291 -3: /Users/olagg/Personal/talia/test/services/stories/story_viewing_permission_test.dart: Story Viewing Permission Tests (setUpAll)
00:08 +291 -3: /Users/olagg/Personal/talia/test/services/stories/story_viewing_permission_test.dart: Story Viewing Permission Tests Should allow marking own story as viewed
00:08 +292 -3: /Users/olagg/Personal/talia/test/services/stories/story_viewing_permission_test.dart: Story Viewing Permission Tests Should verify Firestore rules updated for viewing permissions
00:08 +293 -3: /Users/olagg/Personal/talia/test/services/stories/story_viewing_permission_test.dart: Story Viewing Permission Tests Should handle story viewing efficiently without cache invalidation
00:08 +294 -3: /Users/olagg/Personal/talia/test/services/stories/story_viewing_permission_test.dart: Story Viewing Permission Tests (tearDownAll)
00:08 +294 -3: /Users/olagg/Personal/talia/test/services/stories/batch_optimization_test.dart: Batch Optimization Tests (setUpAll)
00:08 +294 -3: /Users/olagg/Personal/talia/test/services/stories/batch_optimization_test.dart: Batch Optimization Tests getBatchLinkedParents: Empty input returns empty result
[MediaPreload] ✅ StoryMediaPreloadService inicializado
00:08 +295 -3: /Users/olagg/Personal/talia/test/services/stories/batch_optimization_test.dart: Batch Optimization Tests getBatchLinkedParents: Single child with no parents
[MediaPreload] ✅ StoryMediaPreloadService inicializado
00:08 +296 -3: /Users/olagg/Personal/talia/test/services/stories/batch_optimization_test.dart: Batch Optimization Tests getBatchLinkedParents: Multiple children with various parent relationships
[MediaPreload] ✅ StoryMediaPreloadService inicializado
00:08 +297 -3: /Users/olagg/Personal/talia/test/services/stories/batch_optimization_test.dart: Batch Optimization Tests getBatchLinkedParents: Handles duplicate child IDs
[MediaPreload] ✅ StoryMediaPreloadService inicializado
00:08 +298 -3: /Users/olagg/Personal/talia/test/services/stories/batch_optimization_test.dart: Batch Optimization Tests getBatchLinkedParents: Handles malformed data gracefully
[MediaPreload] ✅ StoryMediaPreloadService inicializado
00:08 +299 -3: /Users/olagg/Personal/talia/test/services/stories/batch_optimization_test.dart: Batch Optimization Tests getBatchLinkedParents: Performance comparison vs individual calls
[MediaPreload] ✅ StoryMediaPreloadService inicializado
00:08 +300 -3: /Users/olagg/Personal/talia/test/services/stories/batch_optimization_test.dart: Batch Optimization Tests StoryStreamManager: Uses batch method correctly
[MediaPreload] ✅ StoryMediaPreloadService inicializado
00:09 +301 -3: /Users/olagg/Personal/talia/test/services/chats/chat_orchestrator_functionality_gaps_test.dart: 🚨 CRITICAL: ChatOrchestrator Gaps Documentation - Firebase-Free Testing (setUpAll)
00:09 +301 -3: /Users/olagg/Personal/talia/test/services/stories/batch_optimization_test.dart: Batch Optimization Tests Cache optimization: Multiple calls use cached data
[MediaPreload] ✅ StoryMediaPreloadService inicializado
00:09 +302 -3: /Users/olagg/Personal/talia/test/services/chats/chat_orchestrator_functionality_gaps_test.dart: 🚨 CRITICAL: ChatOrchestrator Gaps Documentation - Firebase-Free Testing (setUpAll)
00:09 +302 -3: /Users/olagg/Personal/talia/test/services/chats/chat_orchestrator_functionality_gaps_test.dart: 🚨 CRITICAL: ChatOrchestrator Gaps Documentation - Firebase-Free Testing 🔒 REGRESSION TEST: Security validation parameters work without Firebase errors
00:09 +303 -3: /Users/olagg/Personal/talia/test/services/chats/chat_orchestrator_functionality_gaps_test.dart: 🚨 CRITICAL: ChatOrchestrator Gaps Documentation - Firebase-Free Testing 🔒 VERIFICATION: Block status validation logic works correctly
00:09 +304 -3: /Users/olagg/Personal/talia/test/services/chats/chat_orchestrator_functionality_gaps_test.dart: 🚨 CRITICAL: ChatOrchestrator Gaps Documentation - Firebase-Free Testing 🛡️ SAFETY: Group creation approval validation works correctly
00:09 +305 -3: /Users/olagg/Personal/talia/test/services/chats/chat_orchestrator_functionality_gaps_test.dart: 🚨 CRITICAL: ChatOrchestrator Gaps Documentation - Firebase-Free Testing ⚡ PERFORMANCE: Cache granularity validation logic works correctly
00:09 +306 -3: /Users/olagg/Personal/talia/test/services/chats/chat_orchestrator_functionality_gaps_test.dart: 🚨 CRITICAL: ChatOrchestrator Gaps Documentation - Firebase-Free Testing ⚡ VERIFICATION: Cache management methods structure is correct
00:09 +307 -3: /Users/olagg/Personal/talia/test/services/chats/chat_orchestrator_functionality_gaps_test.dart: 🚨 CRITICAL: ChatOrchestrator Gaps Documentation - Firebase-Free Testing 👥 GROUPS: Member management validation logic works correctly
00:09 +308 -3: /Users/olagg/Personal/talia/test/services/chats/chat_orchestrator_functionality_gaps_test.dart: 🚨 CRITICAL: ChatOrchestrator Gaps Documentation - Firebase-Free Testing 👥 VERIFICATION: Group permission methods structure is correct
00:09 +309 -3: /Users/olagg/Personal/talia/test/services/chats/chat_orchestrator_functionality_gaps_test.dart: 🚨 CRITICAL: ChatOrchestrator Gaps Documentation - Firebase-Free Testing 📝 MESSAGES: Time validation logic works correctly
00:09 +310 -3: /Users/olagg/Personal/talia/test/services/chats/chat_orchestrator_functionality_gaps_test.dart: 🚨 CRITICAL: ChatOrchestrator Gaps Documentation - Firebase-Free Testing 📝 VERIFICATION: Message ownership validation logic works correctly
00:09 +311 -3: /Users/olagg/Personal/talia/test/services/chats/chat_orchestrator_functionality_gaps_test.dart: 🚨 CRITICAL: ChatOrchestrator Gaps Documentation - Firebase-Free Testing 🚦 RATE LIMITING: Validation logic works correctly
00:09 +312 -3: /Users/olagg/Personal/talia/test/services/chats/chat_orchestrator_functionality_gaps_test.dart: 🚨 CRITICAL: ChatOrchestrator Gaps Documentation - Firebase-Free Testing 🔔 NOTIFICATIONS: Parent notification logic works correctly
00:09 +313 -3: /Users/olagg/Personal/talia/test/services/chats/chat_orchestrator_functionality_gaps_test.dart: 🚨 CRITICAL: ChatOrchestrator Gaps Documentation - Firebase-Free Testing 🏆 FINAL VERIFICATION: Gaps Documentation Compliance 🎉 COMPLETE: All functionality gaps are documented without Firebase errors
00:09 +314 -3: /Users/olagg/Personal/talia/test/services/chats/chat_orchestrator_functionality_gaps_test.dart: 🚨 CRITICAL: ChatOrchestrator Gaps Documentation - Firebase-Free Testing 🏆 FINAL VERIFICATION: Gaps Documentation Compliance 📋 SUMMARY: Documentation structure is clean and stable
00:09 +315 -3: /Users/olagg/Personal/talia/test/services/chats/chat_orchestrator_functionality_gaps_test.dart: 🚨 CRITICAL: ChatOrchestrator Gaps Documentation - Firebase-Free Testing (tearDownAll)
00:09 +315 -3: /Users/olagg/Personal/talia/test/services/chats/chat_orchestrator_edge_cases_test.dart: 🚨 CRITICAL: Chat Orchestrator Edge Cases - Firebase-Free Testing (setUpAll)
00:09 +315 -3: /Users/olagg/Personal/talia/test/services/chats/chat_orchestrator_edge_cases_test.dart: 🚨 CRITICAL: Chat Orchestrator Edge Cases - Firebase-Free Testing 🔒 REGRESSION TEST: Group creation parameter validation works without Firebase errors
00:09 +316 -3: /Users/olagg/Personal/talia/test/services/chats/chat_orchestrator_edge_cases_test.dart: 🚨 CRITICAL: Chat Orchestrator Edge Cases - Firebase-Free Testing 🔒 VERIFICATION: Contact approval validation logic works correctly
00:09 +317 -3: /Users/olagg/Personal/talia/test/services/chats/chat_orchestrator_edge_cases_test.dart: 🚨 CRITICAL: Chat Orchestrator Edge Cases - Firebase-Free Testing 🛡️ SAFETY: Message sending parameter validation works correctly
00:09 +318 -3: /Users/olagg/Personal/talia/test/services/chats/chat_orchestrator_edge_cases_test.dart: 🚨 CRITICAL: Chat Orchestrator Edge Cases - Firebase-Free Testing 🔒 EMERGENCY: Block status validation logic works correctly
00:09 +319 -3: /Users/olagg/Personal/talia/test/services/chats/chat_orchestrator_edge_cases_test.dart: 🚨 CRITICAL: Chat Orchestrator Edge Cases - Firebase-Free Testing 🏆 FINAL VERIFICATION: Chat Logic Compliance 🎉 COMPLETE: Chat ID generation logic works correctly
00:09 +320 -3: /Users/olagg/Personal/talia/test/services/chats/chat_orchestrator_edge_cases_test.dart: 🚨 CRITICAL: Chat Orchestrator Edge Cases - Firebase-Free Testing 🏆 FINAL VERIFICATION: Chat Logic Compliance 📋 SUMMARY: Chat orchestrator structure is clean and stable
00:09 +321 -3: /Users/olagg/Personal/talia/test/services/chats/chat_orchestrator_edge_cases_test.dart: 🚨 CRITICAL: Chat Orchestrator Edge Cases - Firebase-Free Testing (tearDownAll)
00:09 +321 -3: /Users/olagg/Personal/talia/test/services/chats/chat_orchestrator_edge_cases_test.dart: 📱 CHAT ORCHESTRATOR LOGIC TESTS ✅ Message validation parameters work correctly
00:09 +322 -3: /Users/olagg/Personal/talia/test/services/chats/chat_orchestrator_edge_cases_test.dart: 📱 CHAT ORCHESTRATOR LOGIC TESTS ✅ Chat permissions logic validation
00:09 +323 -3: /Users/olagg/Personal/talia/test/services/chats/chat_orchestrator_edge_cases_test.dart: 📱 CHAT ORCHESTRATOR LOGIC TESTS ✅ Edge case parameter handling
00:09 +324 -3: /Users/olagg/Personal/talia/test/services/chats/chat_orchestrator_implementation_verification_test.dart: ChatOrchestrator - Implementation Verification ✅ P0 SECURITY - Validaciones implementadas Rate limiting service puede validar envío de mensajes
[RateLimit] ℹ️ Rate limit OK para send_message: 1/30
[MessageThrottle] ⚠️ Usuario user123 enviando mensajes muy rápido. Esperando 494ms
00:09 +325 -3: /Users/olagg/Personal/talia/test/services/chats/chat_orchestrator_implementation_verification_test.dart: ChatOrchestrator - Implementation Verification ✅ P0 SECURITY - Validaciones implementadas Rate limiting service puede validar creación de grupos
[RateLimit] ℹ️ Rate limit OK para create_group: 1/5
[RateLimit] ℹ️ Rate limit OK para create_group: 2/5
[RateLimit] ℹ️ Rate limit OK para create_group: 3/5
[RateLimit] ℹ️ Rate limit OK para create_group: 4/5
[RateLimit] ℹ️ Rate limit OK para create_group: 5/5
[RateLimit] ⚠️ Rate limit excedido para create_group por usuario user123: 5/5
00:09 +326 -3: /Users/olagg/Personal/talia/test/services/chats/chat_orchestrator_implementation_verification_test.dart: ChatOrchestrator - Implementation Verification ✅ P0 SECURITY - Validaciones implementadas Exception types están definidas correctamente
00:09 +327 -3: /Users/olagg/Personal/talia/test/services/chats/chat_orchestrator_implementation_verification_test.dart: ChatOrchestrator - Implementation Verification ✅ P1 PERFORMANCE - Cache y grupos implementados GroupMember model funciona correctamente
00:09 +328 -3: /Users/olagg/Personal/talia/test/services/chats/chat_orchestrator_implementation_verification_test.dart: ChatOrchestrator - Implementation Verification ✅ P1 PERFORMANCE - Cache y grupos implementados GroupMemberList helpers funcionan correctamente
00:09 +329 -3: /Users/olagg/Personal/talia/test/services/chats/chat_orchestrator_implementation_verification_test.dart: ChatOrchestrator - Implementation Verification ✅ P2 ADVANCED - Notificaciones y workflow implementados ParentNotificationSettings configuraciones funcionan
00:09 +330 -3: /Users/olagg/Personal/talia/test/services/chats/chat_orchestrator_implementation_verification_test.dart: ChatOrchestrator - Implementation Verification ✅ P2 ADVANCED - Notificaciones y workflow implementados Rate limiting métricas funcionan correctamente
[RateLimit] ℹ️ Rate limit OK para send_message: 2/30
[RateLimit] ℹ️ Rate limit OK para send_message: 3/30
[RateLimit] ℹ️ Rate limit OK para send_message: 4/30
[RateLimit] ℹ️ Rate limit OK para send_message: 5/30
[RateLimit] ℹ️ Rate limit OK para send_message: 6/30
00:09 +331 -3: /Users/olagg/Personal/talia/test/services/chats/chat_orchestrator_implementation_verification_test.dart: ChatOrchestrator - Implementation Verification ✅ P2 ADVANCED - Notificaciones y workflow implementados User rate limit status funciona correctamente
[RateLimit] ℹ️ Rate limit OK para send_message: 1/30
00:09 +332 -3: /Users/olagg/Personal/talia/test/services/chats/chat_orchestrator_implementation_verification_test.dart: ChatOrchestrator - Implementation Verification 🎯 API COMPLETENESS - Todas las APIs están implementadas Todas las excepciones personalizadas están definidas
00:09 +333 -3: /Users/olagg/Personal/talia/test/services/chats/chat_orchestrator_implementation_verification_test.dart: ChatOrchestrator - Implementation Verification 🎯 API COMPLETENESS - Todas las APIs están implementadas Enums de estados están completos
00:09 +334 -3: /Users/olagg/Personal/talia/test/services/chats/chat_orchestrator_implementation_verification_test.dart: ChatOrchestrator - Implementation Verification 🎯 API COMPLETENESS - Todas las APIs están implementadas Factory methods de excepciones funcionan
00:09 +335 -3: /Users/olagg/Personal/talia/test/services/chats/chat_orchestrator_implementation_verification_test.dart: ChatOrchestrator - Implementation Verification 📊 COVERAGE VERIFICATION ✅ P0 Security: 3/3 funcionalidades implementadas
00:09 +336 -3: /Users/olagg/Personal/talia/test/services/chats/chat_orchestrator_implementation_verification_test.dart: ChatOrchestrator - Implementation Verification 📊 COVERAGE VERIFICATION ✅ P1 Performance: 7/7 funcionalidades implementadas
00:09 +337 -3: /Users/olagg/Personal/talia/test/services/chats/chat_orchestrator_implementation_verification_test.dart: ChatOrchestrator - Implementation Verification 📊 COVERAGE VERIFICATION ✅ P2 Advanced: 5/5 funcionalidades implementadas
00:09 +338 -3: /Users/olagg/Personal/talia/test/services/chats/chat_orchestrator_implementation_verification_test.dart: 🎉 FINAL VERIFICATION 🏆 TODAS LAS FUNCIONALIDADES IMPLEMENTADAS: 15/15 (100%)
00:09 +339 -3: /Users/olagg/Personal/talia/test/services/chats/chat_counter_logic_unit_test.dart: Chat Counter Logic Unit Tests Current Chat Detection Logic should return true when chatId matches currentChatId
00:09 +340 -3: /Users/olagg/Personal/talia/test/services/chats/chat_counter_logic_unit_test.dart: Chat Counter Logic Unit Tests Current Chat Detection Logic should return false when chatId does not match currentChatId
00:09 +341 -3: /Users/olagg/Personal/talia/test/services/chats/chat_counter_logic_unit_test.dart: Chat Counter Logic Unit Tests Current Chat Detection Logic should return false when currentChatId is null
00:09 +342 -3: /Users/olagg/Personal/talia/test/services/chats/chat_counter_logic_unit_test.dart: Chat Counter Logic Unit Tests Unread Counter Calculation Logic should set counter to 0 when user is in current chat
00:09 +343 -3: /Users/olagg/Personal/talia/test/services/chats/chat_counter_logic_unit_test.dart: Chat Counter Logic Unit Tests Unread Counter Calculation Logic should increment counter when user is in different chat
00:09 +344 -3: /Users/olagg/Personal/talia/test/services/chats/chat_counter_logic_unit_test.dart: Chat Counter Logic Unit Tests Unread Counter Calculation Logic should handle own messages correctly (no increment)
00:09 +345 -3: /Users/olagg/Personal/talia/test/services/chats/chat_counter_logic_unit_test.dart: Chat Counter Logic Unit Tests Unread Counter Calculation Logic should increment counter for messages from other users
00:09 +346 -3: /Users/olagg/Personal/talia/test/services/chats/chat_counter_logic_unit_test.dart: Chat Counter Logic Unit Tests Message Read Status Logic should consider message as read when user is in chat
00:09 +347 -3: /Users/olagg/Personal/talia/test/services/chats/chat_counter_logic_unit_test.dart: Chat Counter Logic Unit Tests Message Read Status Logic should not auto-mark as read when user is in different chat
00:09 +348 -3: /Users/olagg/Personal/talia/test/services/chats/chat_counter_logic_unit_test.dart: Chat Counter Logic Unit Tests Chat Type Handling should handle individual chat IDs correctly
00:09 +349 -3: /Users/olagg/Personal/talia/test/services/chats/chat_counter_logic_unit_test.dart: Chat Counter Logic Unit Tests Chat Type Handling should handle group chat IDs correctly
00:09 +350 -3: /Users/olagg/Personal/talia/test/services/chats/chat_counter_logic_unit_test.dart: Chat Counter Logic Unit Tests Chat Type Handling should differentiate between individual and group chats
00:09 +351 -3: /Users/olagg/Personal/talia/test/services/chats/chat_counter_logic_unit_test.dart: Chat Counter Logic Unit Tests Error Handling and Edge Cases should handle null currentChatId gracefully
00:09 +352 -3: /Users/olagg/Personal/talia/test/services/chats/chat_counter_logic_unit_test.dart: Chat Counter Logic Unit Tests Error Handling and Edge Cases should handle empty string currentChatId gracefully
00:09 +353 -3: /Users/olagg/Personal/talia/test/services/chats/chat_counter_logic_unit_test.dart: Chat Counter Logic Unit Tests Error Handling and Edge Cases should handle empty string messageChatId gracefully
00:09 +354 -3: /Users/olagg/Personal/talia/test/services/chats/chat_counter_logic_unit_test.dart: Chat Counter Logic Unit Tests Error Handling and Edge Cases should handle special characters in chat IDs
00:09 +355 -3: /Users/olagg/Personal/talia/test/services/chats/chat_counter_logic_unit_test.dart: Chat Counter Logic Unit Tests Performance Considerations should handle rapid chat switching
00:09 +356 -3: /Users/olagg/Personal/talia/test/services/chats/chat_counter_logic_unit_test.dart: Chat Counter Logic Unit Tests Performance Considerations should handle multiple messages in same chat
00:09 +357 -3: /Users/olagg/Personal/talia/test/services/chats/chat_counter_logic_unit_test.dart: Chat Counter Logic Unit Tests Integration Scenarios Scenario: User enters chat → all new messages auto-read
00:09 +358 -3: /Users/olagg/Personal/talia/test/services/chats/chat_counter_logic_unit_test.dart: Chat Counter Logic Unit Tests Integration Scenarios Scenario: User switches between chats rapidly
00:10 +359 -3: /Users/olagg/Personal/talia/test/services/video_calls/video_call_orchestrator_test.dart: VideoCallOrchestrator Tests (setUpAll)
00:10 +359 -3: /Users/olagg/Personal/talia/test/services/story_service_refactored_mocked_test.dart: StoryService Refactored - Mocked Tests 1. StoryOrchestrator Basic Functionality orchestrator se inicializa correctamente
00:10 +360 -3: /Users/olagg/Personal/talia/test/services/video_calls/video_call_orchestrator_test.dart: VideoCallOrchestrator Tests Initialization should initialize successfully
00:10 +361 -3: /Users/olagg/Personal/talia/test/services/video_calls/video_call_orchestrator_test.dart: VideoCallOrchestrator Tests Initialization should initialize successfully
00:10 +362 -3: /Users/olagg/Personal/talia/test/services/story_service_refactored_mocked_test.dart: StoryService Refactored - Mocked Tests 1. StoryOrchestrator Basic Functionality getStoriesFromWhitelist retorna stream
00:10 +363 -3: /Users/olagg/Personal/talia/test/services/video_calls/video_call_orchestrator_test.dart: VideoCallOrchestrator Tests Initialization should handle initialization only once
00:10 +364 -3: /Users/olagg/Personal/talia/test/services/video_calls/video_call_orchestrator_test.dart: VideoCallOrchestrator Tests Initialization should handle initialization only once
00:10 +365 -3: /Users/olagg/Personal/talia/test/services/video_calls/video_call_orchestrator_test.dart: VideoCallOrchestrator Tests Start Call should initialize and attempt start call
00:10 +366 -3: /Users/olagg/Personal/talia/test/services/video_calls/video_call_orchestrator_test.dart: VideoCallOrchestrator Tests Start Call should initialize and attempt start call
[VideoCallOrchestrator] 🚀 [Orchestrator] ══════════════════════════════════════════════════════
[VideoCallOrchestrator] 🚀 [Orchestrator] INICIANDO START CALL
[VideoCallOrchestrator] 🚀 [Orchestrator] receiverId: receiver-123, receiverName: Test Receiver, isVideo: true
[VideoCallOrchestrator] 🚀 [Orchestrator] ══════════════════════════════════════════════════════
[VideoCallOrchestrator] ✅ [Orchestrator] Orchestrator ya inicializado
[VideoCallOrchestrator] 📞 [Orchestrator] PASO 1: Llamando a CallInitiationService.initiateCall
[CallInitiation] 🚀 [CallInitiation] INICIANDO LLAMADA - receiverId: receiver-123, receiverName: Test Receiver, isVideo: true
[CallInitiation] 👤 [CallInitiation] Usuario autenticado: test_video_caller_id
[CallInitiation] 🔍 [CallInitiation] Verificando usuario destinatario: receiver-123
❌ [CallInitiation] ❌ [CallInitiation] Usuario destinatario no encontrado: receiver-123
❌ [CallInitiation] 💥 [CallInitiation] ERROR CRÍTICO iniciando videollamada: Exception: Usuario destinatario no encontrado
❌ [CallInitiation] 🔍 [CallInitiation] Stack trace: #0      CallInitiationService.initiateCall ()
<asynchronous suspension>
#1      VideoCallOrchestrator.startCall ()
<asynchronous suspension>
#2      main.<anonymous closure>.<anonymous closure>.<anonymous closure> (file:///Users/olagg/Personal/talia/test/services/video_calls/video_call_orchestrator_test.dart:70:24)
<asynchronous suspension>
#3      Declarer.test.<anonymous closure>.<anonymous closure> (package:test_api/src/backend/declarer.dart:242:9)
<asynchronous suspension>
#4      Declarer.test.<anonymous closure> (package:test_api/src/backend/declarer.dart:240:7)
<asynchronous suspension>
#5      Invoker._waitForOutstandingCallbacks.<anonymous closure> (package:test_api/src/backend/invoker.dart:282:9)
<asynchronous suspension>

[VideoCallOrchestrator] 📞 [Orchestrator] RESULTADO de CallInitiationService: success=false
❌ [VideoCallOrchestrator] ❌ [Orchestrator] CallInitiationService FALLÓ: Exception: Usuario destinatario no encontrado
00:10 +367 -3: /Users/olagg/Personal/talia/test/services/story_service_refactored_mocked_test.dart: StoryService Refactored - Mocked Tests 3. Story Creation Mock createStory llama a métodos correctos
00:10 +367 -3: /Users/olagg/Personal/talia/test/services/video_calls/video_call_orchestrator_test.dart: VideoCallOrchestrator Tests Accept Call should attempt accept call
❌ [CallInitiation] Error aceptando videollamada test-call-123: Exception: Videollamada no encontrada
00:10 +368 -3: /Users/olagg/Personal/talia/test/services/story_service_refactored_mocked_test.dart: StoryService Refactored - Mocked Tests 3. Story Creation Mock createStory llama a métodos correctos
00:10 +369 -3: /Users/olagg/Personal/talia/test/services/video_calls/video_call_orchestrator_test.dart: VideoCallOrchestrator Tests Reject Call should attempt reject call
❌ [VideoCallRepository] Error actualizando status de videollamada test-call-123: [FakeFirestore/not-found] Some requested document was not found.
❌ [CallInitiation] Error rechazando videollamada test-call-123: [FakeFirestore/not-found] Some requested document was not found.
00:10 +370 -3: /Users/olagg/Personal/talia/test/services/story_service_refactored_mocked_test.dart: StoryService Refactored - Mocked Tests 4. Lifecycle Methods startBackgroundProcesses se puede llamar
00:10 +371 -3: /Users/olagg/Personal/talia/test/services/video_calls/video_call_orchestrator_test.dart: VideoCallOrchestrator Tests Reject Call should attempt reject call with custom reason
❌ [VideoCallRepository] Error actualizando status de videollamada test-call-123: [FakeFirestore/not-found] Some requested document was not found.
❌ [CallInitiation] Error rechazando videollamada test-call-123: [FakeFirestore/not-found] Some requested document was not found.
00:10 +372 -3: /Users/olagg/Personal/talia/test/services/story_service_refactored_mocked_test.dart: StoryService Refactored - Mocked Tests 4. Lifecycle Methods stopBackgroundProcesses se puede llamar
00:10 +373 -3: /Users/olagg/Personal/talia/test/services/video_calls/video_call_orchestrator_test.dart: VideoCallOrchestrator Tests End Call should attempt end call
[VideoCallOrchestrator] 🔚 [Orchestrator] ═══════════════════════════════════════════════════════════
[VideoCallOrchestrator] 🔚 [Orchestrator] END CALL EJECUTÁNDOSE
[VideoCallOrchestrator] 🔚 [Orchestrator] Current call ID: null
[VideoCallOrchestrator] 🔚 [Orchestrator] StackTrace: #0      VideoCallOrchestrator.endCall ()
#1      main.<anonymous closure>.<anonymous closure>.<anonymous closure> (file:///Users/olagg/Personal/talia/test/services/video_calls/video_call_orchestrator_test.dart:115:43)
#2      Declarer.test.<anonymous closure>.<anonymous closure> (package:test_api/src/backend/declarer.dart:242:19)
<asynchronous suspension>
#3      Declarer.test.<anonymous closure> (package:test_api/src/backend/declarer.dart:240:7)
<asynchronous suspension>
#4      Invoker._waitForOutstandingCallbacks.<anonymous closure> (package:test_api/src/backend/invoker.dart:282:9)
<asynchronous suspension>

[VideoCallOrchestrator] 🔚 [Orchestrator] ═══════════════════════════════════════════════════════════
[VideoCallOrchestrator] ⚠️ [Orchestrator] END CALL: No hay callId actual - retornando true
00:10 +374 -3: /Users/olagg/Personal/talia/test/services/story_service_refactored_mocked_test.dart: StoryService Refactored - Mocked Tests 4. Lifecycle Methods dispose se puede llamar
00:10 +375 -3: /Users/olagg/Personal/talia/test/services/video_calls/video_call_orchestrator_test.dart: VideoCallOrchestrator Tests Call Controls should attempt toggle mute
00:10 +376 -3: /Users/olagg/Personal/talia/test/services/story_service_refactored_mocked_test.dart: StoryService Refactored - Mocked Tests 5. Error Handling maneja errores de métodos correctamente
00:10 +377 -3: /Users/olagg/Personal/talia/test/services/video_calls/video_call_orchestrator_test.dart: VideoCallOrchestrator Tests Call Controls should attempt toggle camera
00:10 +378 -3: /Users/olagg/Personal/talia/test/services/story_service_refactored_mocked_test.dart: StoryService Refactored - Mocked Tests 6. API Compatibility orchestrator implementa todos los métodos requeridos
00:10 +379 -3: /Users/olagg/Personal/talia/test/services/video_calls/video_call_orchestrator_test.dart: VideoCallOrchestrator Tests Call Controls should attempt switch camera
00:10 +380 -3: /Users/olagg/Personal/talia/test/services/story_service_refactored_mocked_test.dart: StoryService Refactored - Mocked Tests 6. API Compatibility orchestrator tiene streams requeridos
00:10 +381 -3: /Users/olagg/Personal/talia/test/services/story_service_refactored_mocked_test.dart: StoryService Refactored - Mocked Tests 6. API Compatibility orchestrator tiene streams requeridos
00:10 +382 -3: /Users/olagg/Personal/talia/test/services/video_calls/video_call_orchestrator_test.dart: VideoCallOrchestrator Tests Incoming Call Monitoring should start monitoring incoming calls without throwing
00:10 +383 -3: /Users/olagg/Personal/talia/test/services/story_service_refactored_mocked_test.dart: Validation Tests Story model tiene campos requeridos
00:10 +384 -3: /Users/olagg/Personal/talia/test/services/video_calls/video_call_orchestrator_test.dart: VideoCallOrchestrator Tests Incoming Call Monitoring should stop monitoring incoming calls without throwing
00:10 +385 -3: /Users/olagg/Personal/talia/test/services/story_service_refactored_mocked_test.dart: Validation Tests Story copyWith funciona correctamente
00:10 +386 -3: /Users/olagg/Personal/talia/test/services/video_calls/video_call_orchestrator_test.dart: VideoCallOrchestrator Tests Incoming Call Monitoring should get active calls
00:10 +387 -3: /Users/olagg/Personal/talia/test/services/story_service_refactored_mocked_test.dart: Validation Tests UserStories funciona correctamente
00:10 +388 -3: /Users/olagg/Personal/talia/test/services/story_service_refactored_mocked_test.dart: Validation Tests UserStories funciona correctamente
00:10 +389 -3: /Users/olagg/Personal/talia/test/services/video_calls/video_call_orchestrator_test.dart: VideoCallOrchestrator Tests Callbacks should trigger callbacks when set
00:10 +390 -3: /Users/olagg/Personal/talia/test/services/video_calls/video_call_orchestrator_test.dart: VideoCallOrchestrator Tests Debug Information should provide debug info
00:10 +391 -3: /Users/olagg/Personal/talia/test/services/video_calls/video_call_orchestrator_test.dart: VideoCallOrchestrator Tests Dispose should dispose without throwing
00:10 +392 -3: /Users/olagg/Personal/talia/test/services/video_calls/video_call_orchestrator_test.dart: VideoCallOrchestrator Tests Error Handling should handle initialization gracefully
00:10 +393 -3: /Users/olagg/Personal/talia/test/services/video_calls/video_call_orchestrator_test.dart: VideoCallOrchestrator Tests Error Handling should handle method calls gracefully
00:10 +394 -3: /Users/olagg/Personal/talia/test/services/video_calls/video_call_orchestrator_test.dart: VideoCallOrchestrator Tests (tearDownAll)
00:10 +394 -3: /Users/olagg/Personal/talia/test/services/permission_service_test.dart: PermissionService getGracefulDegradationMessage provides alternative for camera permission
00:10 +395 -3: /Users/olagg/Personal/talia/test/services/permission_service_test.dart: PermissionService getGracefulDegradationMessage provides alternative for photos permission
00:10 +396 -3: /Users/olagg/Personal/talia/test/services/permission_service_test.dart: PermissionService getGracefulDegradationMessage explains limitations for microphone permission
00:10 +397 -3: /Users/olagg/Personal/talia/test/services/permission_service_test.dart: PermissionService getGracefulDegradationMessage explains limitations for location permission
00:10 +398 -3: /Users/olagg/Personal/talia/test/services/permission_service_test.dart: PermissionService getGracefulDegradationMessage explains limitations for notifications permission
00:10 +399 -3: /Users/olagg/Personal/talia/test/services/permission_service_test.dart: PermissionService isCritical returns true for notifications permission
00:10 +400 -3: /Users/olagg/Personal/talia/test/services/permission_service_test.dart: PermissionService isCritical returns true for location permission
00:10 +401 -3: /Users/olagg/Personal/talia/test/services/permission_service_test.dart: PermissionService isCritical returns false for camera permission
00:10 +402 -3: /Users/olagg/Personal/talia/test/services/permission_service_test.dart: PermissionService isCritical returns false for photos permission
00:10 +403 -3: /Users/olagg/Personal/talia/test/services/permission_service_test.dart: PermissionService isCritical returns false for microphone permission
00:10 +404 -3: /Users/olagg/Personal/talia/test/services/permission_service_test.dart: PermissionService isCritical returns false for contacts permission
00:10 +405 -3: /Users/olagg/Personal/talia/test/services/permission_service_test.dart: PermissionService isOptional returns true for contacts permission
00:10 +406 -3: /Users/olagg/Personal/talia/test/services/permission_service_test.dart: PermissionService isOptional returns false for camera permission
00:10 +407 -3: /Users/olagg/Personal/talia/test/services/permission_service_test.dart: PermissionService isOptional returns false for notifications permission
00:10 +408 -3: /Users/olagg/Personal/talia/test/services/permission_service_test.dart: PermissionService isOptional returns false for location permission
00:10 +409 -3: /Users/olagg/Personal/talia/test/services/permission_service_test.dart: PermissionService AppPermission enum has all expected permissions
00:10 +410 -3: /Users/olagg/Personal/talia/test/services/permission_service_test.dart: PermissionService PermissionResult enum has all expected results
00:10 +411 -3: /Users/olagg/Personal/talia/test/services/permission_service_test.dart: PermissionService Global accessor returns singleton instance
00:10 +412 -3: /Users/olagg/Personal/talia/test/services/permission_service_test.dart: Permission Messages camera permission has clear description
00:10 +413 -3: /Users/olagg/Personal/talia/test/services/permission_service_test.dart: Permission Messages all permissions have degradation messages
00:10 +414 -3: /Users/olagg/Personal/talia/test/services/permission_service_test.dart: Permission Criticality only notifications and location are critical
00:10 +415 -3: /Users/olagg/Personal/talia/test/services/permission_service_test.dart: Permission Criticality only contacts is optional
00:10 +416 -3: /Users/olagg/Personal/talia/test/services/data_management_service_test.dart: RetentionPolicy messages retention is 1 year
00:10 +417 -3: /Users/olagg/Personal/talia/test/services/data_management_service_test.dart: RetentionPolicy media retention is 6 months
00:10 +418 -3: /Users/olagg/Personal/talia/test/services/data_management_service_test.dart: RetentionPolicy locations retention is 30 days
00:10 +419 -3: /Users/olagg/Personal/talia/test/services/data_management_service_test.dart: RetentionPolicy emergency locations retention is 1 year
00:10 +420 -3: /Users/olagg/Personal/talia/test/services/data_management_service_test.dart: RetentionPolicy emergencies retention is 1 year
00:10 +421 -3: /Users/olagg/Personal/talia/test/services/data_management_service_test.dart: RetentionPolicy logs retention is 90 days
00:10 +422 -3: /Users/olagg/Personal/talia/test/services/data_management_service_test.dart: RetentionPolicy local cache retention is 7 days
00:10 +423 -3: /Users/olagg/Personal/talia/test/services/data_management_service_test.dart: RetentionPolicy deleted user data retention is 30 days
00:10 +424 -3: /Users/olagg/Personal/talia/test/services/data_management_service_test.dart: RetentionPolicy all retention periods are non-zero
00:10 +425 -3: /Users/olagg/Personal/talia/test/services/data_management_service_test.dart: RetentionPolicy media retention is shorter than messages
00:10 +426 -3: /Users/olagg/Personal/talia/test/services/data_management_service_test.dart: RetentionPolicy cache retention is shortest
00:10 +427 -3: /Users/olagg/Personal/talia/test/services/data_management_service_test.dart: RetentionPolicy emergency data retained longer than regular data
00:10 +428 -3: /Users/olagg/Personal/talia/test/services/data_management_service_test.dart: DataManagementService singleton pattern works
00:10 +429 -3: /Users/olagg/Personal/talia/test/services/data_management_service_test.dart: DataManagementService global accessor returns instance
00:10 +430 -3: /Users/olagg/Personal/talia/test/services/data_management_service_test.dart: DataManagementService initialize can be called with enableAutoCleanup true
00:10 +431 -3: /Users/olagg/Personal/talia/test/services/data_management_service_test.dart: DataManagementService initialize can be called with enableAutoCleanup false
00:10 +432 -3: /Users/olagg/Personal/talia/test/services/data_management_service_test.dart: DataManagementService initialize is idempotent
00:11 +433 -3: /Users/olagg/Personal/talia/test/services/data_management_service_test.dart: DataManagementService dispose cleans up resources
00:11 +434 -3: /Users/olagg/Personal/talia/test/services/data_management_service_test.dart: Data Retention Logic messages older than 1 year should be cleaned
00:11 +435 -3: /Users/olagg/Personal/talia/test/services/data_management_service_test.dart: Data Retention Logic media older than 6 months should be cleaned
00:11 +436 -3: /Users/olagg/Personal/talia/test/services/data_management_service_test.dart: Data Retention Logic deleted user data grace period calculation
00:11 +437 -3: /Users/olagg/Personal/talia/test/services/data_management_service_test.dart: Retention Policy Compliance retention periods comply with GDPR recommendations
00:11 +438 -3: /Users/olagg/Personal/talia/test/services/data_management_service_test.dart: Retention Policy Compliance deleted account grace period complies with regulations
00:11 +439 -3: /Users/olagg/Personal/talia/test/services/data_management_service_test.dart: Retention Policy Compliance cache is cleaned frequently
00:11 +440 -3: /Users/olagg/Personal/talia/test/services/data_management_service_test.dart: Data Hierarchy critical data retained longer than non-critical
00:11 +441 -3: /Users/olagg/Personal/talia/test/services/data_management_service_test.dart: Data Hierarchy transient data cleaned most frequently
00:11 +442 -3: /Users/olagg/Personal/talia/test/widgets/accessible_text_test.dart: AccessibleText Widget renders text correctly
00:11 +443 -3: /Users/olagg/Personal/talia/test/widgets/accessible_text_test.dart: AccessibleText Widget has correct semantics label
00:11 +444 -3: /Users/olagg/Personal/talia/test/widgets/accessible_text_test.dart: AccessibleText Widget applies custom style
00:11 +445 -3: /Users/olagg/Personal/talia/test/widgets/accessible_text_test.dart: AccessibleText Widget respects text alignment
00:11 +446 -3: /Users/olagg/Personal/talia/test/widgets/accessible_text_test.dart: AccessibleText Widget respects max lines
00:11 +447 -3: /Users/olagg/Personal/talia/test/widgets/accessible_text_test.dart: AccessibleButton Widget renders button correctly
00:11 +448 -3: /Users/olagg/Personal/talia/test/widgets/accessible_text_test.dart: AccessibleButton Widget has correct semantics
00:11 +449 -3: /Users/olagg/Personal/talia/test/widgets/accessible_text_test.dart: AccessibleButton Widget respects enabled state
00:11 +450 -3: /Users/olagg/Personal/talia/test/widgets/accessible_text_test.dart: AccessibleIconButton Widget renders icon button correctly
00:11 +451 -3: /Users/olagg/Personal/talia/test/widgets/accessible_text_test.dart: AccessibleIconButton Widget has tooltip
00:11 +452 -3: /Users/olagg/Personal/talia/test/widgets/accessible_text_test.dart: AccessibleIconButton Widget has correct semantics label
00:11 +453 -3: /Users/olagg/Personal/talia/test/widgets/accessible_text_test.dart: AccessibleImage Widget renders image with semantics
00:11 +454 -3: /Users/olagg/Personal/talia/test/widgets/accessible_text_test.dart: AccessibleImage Widget respects width and height
00:11 +455 -3: /Users/olagg/Personal/talia/test/widgets/accessible_text_test.dart: AccessibleLoadingIndicator Widget renders loading indicator
00:11 +456 -3: /Users/olagg/Personal/talia/test/widgets/accessible_text_test.dart: AccessibleLoadingIndicator Widget has default semantics label
00:11 +457 -3: /Users/olagg/Personal/talia/test/widgets/accessible_text_test.dart: AccessibleLoadingIndicator Widget has custom semantics label
